============================= test session starts ==============================
platform linux -- Python 3.13.11, pytest-9.0.3, pluggy-1.5.0 -- /root/miniconda3/bin/python
cachedir: .pytest_cache
PyQt6 6.10.2 -- Qt runtime 6.10.2 -- Qt compiled 6.10.0
rootdir: /mnt/n/claude/photo-platform-ydy-v3
plugins: anyio-4.12.1, qt-4.5.0, cov-7.1.0
collecting ... collected 1290 items

tests/test_activation_service.py::TestActivate::test_activates_uid_in_db PASSED [  0%]
tests/test_activation_service.py::TestActivate::test_mutual_exclusion_deactivates_previous PASSED [  0%]
tests/test_activation_service.py::TestActivate::test_returns_previous_uid PASSED [  0%]
tests/test_activation_service.py::TestActivate::test_previous_uid_none_when_first_activation PASSED [  0%]
tests/test_activation_service.py::TestActivate::test_writes_activation_event_to_state_json PASSED [  0%]
tests/test_activation_service.py::TestActivate::test_multiple_activations_append_events PASSED [  0%]
tests/test_activation_service.py::TestActivate::test_raises_on_empty_uid PASSED [  0%]
tests/test_activation_service.py::TestActivate::test_only_one_active_after_multiple_activations PASSED [  0%]
tests/test_activation_service.py::TestDeactivate::test_deactivate_clears_is_active PASSED [  0%]
tests/test_activation_service.py::TestDeactivate::test_deactivate_does_not_write_log_event PASSED [  0%]
tests/test_activation_service.py::TestDeactivate::test_deactivate_returns_ok PASSED [  0%]
tests/test_activation_service.py::TestDeactivate::test_deactivate_raises_on_empty_uid PASSED [  0%]
tests/test_activation_service.py::TestManualAssign::test_appends_manual_assign_event PASSED [  1%]
tests/test_activation_service.py::TestManualAssign::test_resolves_paths PASSED [  1%]
tests/test_activation_service.py::TestManualAssign::test_empty_jpg_list_returns_ok_count_zero PASSED [  1%]
tests/test_activation_service.py::TestManualAssign::test_raises_on_empty_uid PASSED [  1%]
tests/test_activation_service.py::TestReadActivations::test_empty_project_returns_empty_ctx PASSED [  1%]
tests/test_activation_service.py::TestReadActivations::test_activations_are_sorted_ascending PASSED [  1%]
tests/test_activation_service.py::TestReadActivations::test_manual_assign_populates_assign_to_uid PASSED [  1%]
tests/test_activation_service.py::TestReadActivations::test_later_manual_assign_overwrites_earlier PASSED [  1%]
tests/test_activation_service.py::TestReadActivations::test_activation_events_not_in_assign_to_uid PASSED [  1%]
tests/test_activation_service.py::TestReadActivations::test_mixed_events_separated_correctly PASSED [  1%]
tests/test_activation_service.py::TestGetActiveUid::test_returns_none_when_no_active PASSED [  1%]
tests/test_activation_service.py::TestGetActiveUid::test_returns_active_uid PASSED [  1%]
tests/test_activation_service.py::TestGetActiveUid::test_returns_new_active_after_switch PASSED [  1%]
tests/test_activation_service.py::TestGetActiveUid::test_returns_none_after_deactivate PASSED [  2%]
tests/test_archive_service.py::TestVerifyManifestComplete::test_valid_manifest PASSED [  2%]
tests/test_archive_service.py::TestVerifyManifestComplete::test_missing_manifest_fails PASSED [  2%]
tests/test_archive_service.py::TestVerifyManifestComplete::test_count_mismatch_fails PASSED [  2%]
tests/test_archive_service.py::TestVerifyManifestComplete::test_missing_archive_name_fails PASSED [  2%]
tests/test_archive_service.py::TestVerifyManifestComplete::test_size_mismatch_fails PASSED [  2%]
tests/test_archive_service.py::TestVerifyJxlRecoverable::test_djxl_unavailable_returns_failure PASSED [  2%]
tests/test_archive_service.py::TestVerifyJxlRecoverable::test_missing_jxl_file_fails PASSED [  2%]
tests/test_archive_service.py::TestVerifyJxlRecoverable::test_djxl_failure_returns_false PASSED [  2%]
tests/test_archive_service.py::TestVerifyJxlRecoverable::test_empty_restored_file_fails PASSED [  2%]
tests/test_archive_service.py::TestArchiveGroup::test_default_delete_jpg_is_false PASSED [  2%]
tests/test_archive_service.py::TestArchiveGroup::test_tiff_never_deleted PASSED [  2%]
tests/test_archive_service.py::TestArchiveGroup::test_zip_created PASSED [  2%]
tests/test_archive_service.py::TestArchiveGroup::test_zip_contains_manifest PASSED [  3%]
tests/test_archive_service.py::TestArchiveGroup::test_manifest_contains_correct_fields PASSED [  3%]
tests/test_archive_service.py::TestArchiveGroup::test_djxl_unavailable_prevents_jpg_deletion PASSED [  3%]
tests/test_archive_service.py::TestArchiveGroup::test_all_preconditions_met_deletes_jpg PASSED [  3%]
tests/test_archive_service.py::TestArchiveGroup::test_empty_jpg_paths_raises PASSED [  3%]
tests/test_archive_service.py::TestArchiveGroup::test_missing_jpg_raises PASSED [  3%]
tests/test_archive_service.py::TestArchiveGroup::test_zip_size_non_trivial PASSED [  3%]
tests/test_archive_service.py::TestArchiveGroup::test_zip_integrity_check PASSED [  3%]
tests/test_collab_service.py::TestStateMachine::test_created_to_assigned_allowed PASSED [  3%]
tests/test_collab_service.py::TestStateMachine::test_created_to_done_blocked PASSED [  3%]
tests/test_collab_service.py::TestStateMachine::test_full_happy_path PASSED [  3%]
tests/test_collab_service.py::TestStateMachine::test_void_is_terminal PASSED [  3%]
tests/test_collab_service.py::TestStateMachine::test_done_to_void_allowed PASSED [  3%]
tests/test_collab_service.py::TestStateMachine::test_conflict_can_revert_to_created PASSED [  4%]
tests/test_collab_service.py::TestStateMachine::test_conflict_can_be_voided PASSED [  4%]
tests/test_collab_service.py::TestStateMachine::test_backward_transition_blocked PASSED [  4%]
tests/test_collab_service.py::TestTaskStore::test_create_returns_task PASSED [  4%]
tests/test_collab_service.py::TestTaskStore::test_local_409_on_duplicate PASSED [  4%]
tests/test_collab_service.py::TestTaskStore::test_exists_true_after_create PASSED [  4%]
tests/test_collab_service.py::TestTaskStore::test_exists_false_for_unknown PASSED [  4%]
tests/test_collab_service.py::TestTaskStore::test_update_status_valid PASSED [  4%]
tests/test_collab_service.py::TestTaskStore::test_update_status_invalid_transition_raises PASSED [  4%]
tests/test_collab_service.py::TestTaskStore::test_update_status_unknown_uid_raises PASSED [  4%]
tests/test_collab_service.py::TestTaskStore::test_all_returns_all PASSED [  4%]
tests/test_collab_service.py::TestTaskStore::test_get_returns_none_for_unknown PASSED [  4%]
tests/test_collab_service.py::TestTaskStore::test_get_returns_task PASSED [  4%]
tests/test_collab_service.py::TestTaskStore::test_clear PASSED           [  5%]
tests/test_collab_service.py::TestTaskStore::test_merge_inserts_new_remote_task PASSED [  5%]
tests/test_collab_service.py::TestTaskStore::test_merge_newer_remote_wins PASSED [  5%]
tests/test_collab_service.py::TestTaskStore::test_merge_older_remote_ignored PASSED [  5%]
tests/test_collab_service.py::TestTaskStore::test_merge_skips_records_without_uid PASSED [  5%]
tests/test_collab_service.py::TestTaskStore::test_concurrent_creates_no_crash PASSED [  5%]
tests/test_collab_service.py::TestTaskStore::test_concurrent_duplicate_409 PASSED [  5%]
tests/test_collab_service.py::TestCollabServiceOffline::test_create_task_no_peers_succeeds PASSED [  5%]
tests/test_collab_service.py::TestCollabServiceOffline::test_create_task_local_409 PASSED [  5%]
tests/test_collab_service.py::TestCollabServiceOffline::test_conflict_signal_emitted_on_local_409 PASSED [  5%]
tests/test_collab_service.py::TestCollabServiceOffline::test_create_task_remote_409_via_mock PASSED [  5%]
tests/test_collab_service.py::TestCollabServiceOffline::test_create_task_remote_network_error_not_conflict PASSED [  5%]
tests/test_collab_service.py::TestCollabServiceOffline::test_add_manual_peer PASSED [  5%]
tests/test_collab_service.py::TestCollabServiceOffline::test_remove_manual_peer PASSED [  6%]
tests/test_collab_service.py::TestCollabServiceOffline::test_peers_changed_signal_on_add PASSED [  6%]
tests/test_collab_service.py::TestCollabServiceOffline::test_tasks_changed_signal_after_create PASSED [  6%]
tests/test_collab_service.py::TestCollabServiceOffline::test_node_info_returns_required_keys PASSED [  6%]
tests/test_collab_service.py::TestCollabServiceOffline::test_local_address_format PASSED [  6%]
tests/test_collab_service.py::TestCollabViewSmoke::test_view_instantiates_without_service PASSED [  6%]
tests/test_collab_service.py::TestCollabViewSmoke::test_view_with_service_shows_no_peers PASSED [  6%]
tests/test_collab_service.py::TestCollabViewSmoke::test_conflict_banner_appears_and_hides PASSED [  6%]
tests/test_collab_service.py::TestCollabViewSmoke::test_task_table_populated_on_activate PASSED [  6%]
tests/test_collab_service.py::TestCollabViewSmoke::test_debug_drawer_toggle PASSED [  6%]
tests/test_collab_service.py::TestTaskRecordSerialization::test_to_dict_round_trip PASSED [  6%]
tests/test_collab_service.py::TestTaskRecordSerialization::test_from_dict_default_status PASSED [  6%]
tests/test_collab_service.py::TestTaskRecordSerialization::test_from_dict_unknown_uid PASSED [  6%]
tests/test_collab_service.py::TestCollabManagerDialog::test_dialog_opens_without_service PASSED [  7%]
tests/test_collab_service.py::TestCollabManagerDialog::test_dialog_share_addr_without_service PASSED [  7%]
tests/test_collab_service.py::TestCollabManagerDialog::test_dialog_with_service_populates_task_table PASSED [  7%]
tests/test_collab_service.py::TestCollabManagerDialog::test_dialog_with_service_shows_address PASSED [  7%]
tests/test_collab_service.py::TestCollabManagerDialog::test_dialog_conflict_banner_on_signal PASSED [  7%]
tests/test_collab_service.py::TestCollabManagerDialog::test_dialog_debug_drawer_toggle PASSED [  7%]
tests/test_collab_service.py::TestCollabManagerDialog::test_dialog_no_service_summary_label PASSED [  7%]
tests/test_collab_service.py::TestSidebarCollabStrip::test_update_with_none_shows_dashes PASSED [  7%]
tests/test_collab_service.py::TestSidebarCollabStrip::test_update_with_service_shows_addr PASSED [  7%]
tests/test_collab_service.py::TestSidebarCollabStrip::test_update_task_count PASSED [  7%]
tests/test_collab_service.py::TestSidebarCollabStrip::test_collab_manager_signal_emitted PASSED [  7%]
tests/test_collab_service.py::TestStatusBroadcast::test_broadcast_update_calls_httpx PASSED [  7%]
tests/test_collab_service.py::TestStatusBroadcast::test_broadcast_no_peers_no_httpx_call PASSED [  7%]
tests/test_collab_service.py::TestOfflineDraftQueue::test_initial_queue_empty PASSED [  8%]
tests/test_collab_service.py::TestOfflineDraftQueue::test_mark_offline_draft_adds_entry PASSED [  8%]
tests/test_collab_service.py::TestOfflineDraftQueue::test_mark_offline_draft_deduplicates PASSED [  8%]
tests/test_collab_service.py::TestOfflineDraftQueue::test_mark_offline_draft_emits_signal PASSED [  8%]
tests/test_collab_service.py::TestOfflineDraftQueue::test_save_offline_drafts_replaces_queue PASSED [  8%]
tests/test_collab_service.py::TestOfflineDraftQueue::test_save_empty_clears_queue PASSED [  8%]
tests/test_collab_service.py::TestOfflineDraftQueue::test_retry_skips_when_no_peers PASSED [  8%]
tests/test_collab_service.py::TestOfflineDraftQueue::test_retry_promotes_when_peer_available PASSED [  8%]
tests/test_collab_service.py::TestOfflineDraftQueue::test_offline_draft_to_dict_round_trip PASSED [  8%]
tests/test_collab_service.py::TestPhotoIndexReporting::test_post_photo_index_no_peers_no_http PASSED [  8%]
tests/test_collab_service.py::TestPhotoIndexReporting::test_post_photo_index_calls_peer PASSED [  8%]
tests/test_collab_service.py::TestPhotoIndexReporting::test_post_photo_index_network_error_silent PASSED [  8%]
tests/test_collab_service.py::TestPhotoIndexReporting::test_photo_index_record_to_dict PASSED [  8%]
tests/test_collab_service.py::test_mdns_discovery_real_network SKIPPED   [  9%]
tests/test_collab_service.py::test_remote_409_real_two_machines SKIPPED  [  9%]
tests/test_coord_utils.py::TestParseDD::test_positive_with_directions PASSED [  9%]
tests/test_coord_utils.py::TestParseDD::test_signed_no_directions PASSED [  9%]
tests/test_coord_utils.py::TestParseDD::test_signed_positive PASSED      [  9%]
tests/test_coord_utils.py::TestParseDD::test_south_west PASSED           [  9%]
tests/test_coord_utils.py::TestParseDD::test_direction_prefix PASSED     [  9%]
tests/test_coord_utils.py::TestParseDD::test_infer_order_large_lon PASSED [  9%]
tests/test_coord_utils.py::TestParseDD::test_chinese_directions PASSED   [  9%]
tests/test_coord_utils.py::TestParseDD::test_invalid_lat_rejected PASSED [  9%]
tests/test_coord_utils.py::TestParseDD::test_invalid_lon_rejected PASSED [  9%]
tests/test_coord_utils.py::TestParseDD::test_single_lat_value PASSED     [  9%]
tests/test_coord_utils.py::TestParseDD::test_single_lon_value PASSED     [ 10%]
tests/test_coord_utils.py::TestParseDMS::test_direction_suffix PASSED    [ 10%]
tests/test_coord_utils.py::TestParseDMS::test_direction_prefix PASSED    [ 10%]
tests/test_coord_utils.py::TestParseDMS::test_space_separated PASSED     [ 10%]
tests/test_coord_utils.py::TestParseDMS::test_south_negative PASSED      [ 10%]
tests/test_coord_utils.py::TestParseDMS::test_zero_seconds PASSED        [ 10%]
tests/test_coord_utils.py::TestParseDMS::test_equator_meridian PASSED    [ 10%]
tests/test_coord_utils.py::TestParseDDM::test_direction_suffix PASSED    [ 10%]
tests/test_coord_utils.py::TestParseDDM::test_direction_prefix PASSED    [ 10%]
tests/test_coord_utils.py::TestParseDDM::test_south_negative PASSED      [ 10%]
tests/test_coord_utils.py::TestParseDDM::test_prime_symbol_variant PASSED [ 10%]
tests/test_coord_utils.py::TestParseISO6709::test_basic PASSED           [ 10%]
tests/test_coord_utils.py::TestParseISO6709::test_without_trailing_slash PASSED [ 10%]
tests/test_coord_utils.py::TestParseISO6709::test_negative_lat PASSED    [ 11%]
tests/test_coord_utils.py::TestParseISO6709::test_both_negative PASSED   [ 11%]
tests/test_coord_utils.py::TestParseISO6709::test_high_precision PASSED  [ 11%]
tests/test_coord_utils.py::TestParseEdgeCases::test_empty_string_returns_none PASSED [ 11%]
tests/test_coord_utils.py::TestParseEdgeCases::test_none_returns_none PASSED [ 11%]
tests/test_coord_utils.py::TestParseEdgeCases::test_garbage_returns_none PASSED [ 11%]
tests/test_coord_utils.py::TestParseEdgeCases::test_comma_separator_normalized PASSED [ 11%]
tests/test_coord_utils.py::TestParseDetailed::test_dms_detected PASSED   [ 11%]
tests/test_coord_utils.py::TestParseDetailed::test_dd_detected PASSED    [ 11%]
tests/test_coord_utils.py::TestParseDetailed::test_ddm_detected PASSED   [ 11%]
tests/test_coord_utils.py::TestParseDetailed::test_iso6709_detected PASSED [ 11%]
tests/test_coord_utils.py::TestParseDetailed::test_formatted_dict_present PASSED [ 11%]
tests/test_coord_utils.py::TestParseDetailed::test_dms_components_present PASSED [ 11%]
tests/test_coord_utils.py::TestParseDetailed::test_verbatim_lon_empty PASSED [ 12%]
tests/test_coord_utils.py::TestParseDetailed::test_south_direction PASSED [ 12%]
tests/test_coord_utils.py::TestParseDetailed::test_returns_none_for_garbage PASSED [ 12%]
tests/test_coord_utils.py::TestParseDetailed::test_returns_none_for_partial PASSED [ 12%]
tests/test_coord_utils.py::TestFormatting::test_to_dd PASSED             [ 12%]
tests/test_coord_utils.py::TestFormatting::test_to_dd_south_west PASSED  [ 12%]
tests/test_coord_utils.py::TestFormatting::test_to_dms PASSED            [ 12%]
tests/test_coord_utils.py::TestFormatting::test_to_ddm PASSED            [ 12%]
tests/test_coord_utils.py::TestFormatting::test_to_dd_zh PASSED          [ 12%]
tests/test_coord_utils.py::TestFormatting::test_to_dd_zh_south PASSED    [ 12%]
tests/test_coord_utils.py::TestFormatting::test_to_dms_zh PASSED         [ 12%]
tests/test_coord_utils.py::TestFormatting::test_to_ddm_zh PASSED         [ 12%]
tests/test_coord_utils.py::TestFormatting::test_roundtrip_dms_parse PASSED [ 12%]
tests/test_coord_utils.py::TestWgs84Gcj02::test_wgs84_to_gcj02_shifts_in_china PASSED [ 13%]
tests/test_coord_utils.py::TestWgs84Gcj02::test_wgs84_to_gcj02_golden PASSED [ 13%]
tests/test_coord_utils.py::TestWgs84Gcj02::test_gcj02_to_wgs84_roundtrip PASSED [ 13%]
tests/test_coord_utils.py::TestWgs84Gcj02::test_outside_china_unchanged PASSED [ 13%]
tests/test_coord_utils.py::TestWgs84Gcj02::test_another_china_point PASSED [ 13%]
tests/test_coord_utils.py::TestWgs84Gcj02::test_gcj02_to_wgs84_direct PASSED [ 13%]
tests/test_coord_utils.py::TestWgs84Gcj02::test_mainland_china_bounding_box PASSED [ 13%]
tests/test_coord_utils.py::TestBd09::test_wgs84_to_bd09_shifts PASSED    [ 13%]
tests/test_coord_utils.py::TestBd09::test_gcj02_bd09_roundtrip PASSED    [ 13%]
tests/test_coord_utils.py::TestBd09::test_wgs84_bd09_roundtrip PASSED    [ 13%]
tests/test_coord_utils.py::TestBd09::test_bd09_to_gcj02_known PASSED     [ 13%]
tests/test_coord_utils.py::TestFieldConstructors::test_from_dms_north PASSED [ 13%]
tests/test_coord_utils.py::TestFieldConstructors::test_from_dms_south PASSED [ 13%]
tests/test_coord_utils.py::TestFieldConstructors::test_from_dms_east PASSED [ 14%]
tests/test_coord_utils.py::TestFieldConstructors::test_from_ddm_north PASSED [ 14%]
tests/test_coord_utils.py::TestFieldConstructors::test_from_ddm_south PASSED [ 14%]
tests/test_coord_utils.py::TestFieldConstructors::test_from_ddm_west PASSED [ 14%]
tests/test_coord_utils.py::TestIsValid::test_valid_pair PASSED           [ 14%]
tests/test_coord_utils.py::TestIsValid::test_lat_too_large PASSED        [ 14%]
tests/test_coord_utils.py::TestIsValid::test_lon_too_large PASSED        [ 14%]
tests/test_coord_utils.py::TestIsValid::test_boundary_lat_90 PASSED      [ 14%]
tests/test_coord_utils.py::TestIsValid::test_boundary_lon_180 PASSED     [ 14%]
tests/test_coord_utils.py::TestIsValid::test_nan_invalid PASSED          [ 14%]
tests/test_coord_utils.py::TestNominatimToZh::test_full_address PASSED   [ 14%]
tests/test_coord_utils.py::TestNominatimToZh::test_fallback_to_display_name PASSED [ 14%]
tests/test_coord_utils.py::TestNominatimToZh::test_name_field_used_for_landmark PASSED [ 14%]
tests/test_coord_utils.py::TestNominatimToZh::test_empty_dict_returns_empty_string PASSED [ 15%]
tests/test_coord_utils.py::TestNominatimToZh::test_none_returns_empty_string PASSED [ 15%]
tests/test_coord_utils.py::TestNominatimToZh::test_city_district_as_county_fallback PASSED [ 15%]
tests/test_coords_view.py::TestConstruction::test_instantiates PASSED    [ 15%]
tests/test_coords_view.py::TestConstruction::test_input_edit_present PASSED [ 15%]
tests/test_coords_view.py::TestConstruction::test_badge_initially_hidden PASSED [ 15%]
tests/test_coords_view.py::TestConstruction::test_cs_section_initially_hidden PASSED [ 15%]
tests/test_coords_view.py::TestConstruction::test_struct_widget_initially_hidden PASSED [ 15%]
tests/test_coords_view.py::TestConstruction::test_batch_body_initially_hidden PASSED [ 15%]
tests/test_coords_view.py::TestConstruction::test_cs_tab_buttons_all_present PASSED [ 15%]
tests/test_coords_view.py::TestConstruction::test_on_activate_no_crash PASSED [ 15%]
tests/test_coords_view.py::TestBadge::test_valid_dd_shows_green_badge PASSED [ 15%]
tests/test_coords_view.py::TestBadge::test_invalid_input_shows_red_badge PASSED [ 15%]
tests/test_coords_view.py::TestBadge::test_clear_hides_badge PASSED      [ 16%]
tests/test_coords_view.py::TestBadge::test_dms_input_shows_badge PASSED  [ 16%]
tests/test_coords_view.py::TestBadge::test_iso6709_input PASSED          [ 16%]
tests/test_coords_view.py::TestCsCards::test_cs_section_visible_after_valid_input PASSED [ 16%]
tests/test_coords_view.py::TestCsCards::test_three_cs_cards_present PASSED [ 16%]
tests/test_coords_view.py::TestCsCards::test_cs_section_hidden_after_clear PASSED [ 16%]
tests/test_coords_view.py::TestCsCards::test_cs_tab_dd_selected_by_default PASSED [ 16%]
tests/test_coords_view.py::TestCsCards::test_cs_tab_switch_to_dms PASSED [ 16%]
tests/test_coords_view.py::TestCsCards::test_cs_tab_switch_to_ddm PASSED [ 16%]
tests/test_coords_view.py::TestStructuredDms::test_toggle_shows_widget PASSED [ 16%]
tests/test_coords_view.py::TestStructuredDms::test_toggle_twice_hides PASSED [ 16%]
tests/test_coords_view.py::TestStructuredDms::test_struct_sync_fills_main_input PASSED [ 16%]
tests/test_coords_view.py::TestStructuredDms::test_struct_sync_updates_parsed PASSED [ 16%]
tests/test_coords_view.py::TestBatch::test_toggle_shows_body PASSED      [ 17%]
tests/test_coords_view.py::TestBatch::test_parse_valid_rows PASSED       [ 17%]
tests/test_coords_view.py::TestBatch::test_parse_invalid_row PASSED      [ 17%]
tests/test_coords_view.py::TestBatch::test_table_visible_after_parse PASSED [ 17%]
tests/test_coords_view.py::TestBatch::test_table_row_count PASSED        [ 17%]
tests/test_coords_view.py::TestBatch::test_batch_fmt_dd PASSED           [ 17%]
tests/test_coords_view.py::TestBatch::test_batch_fmt_dms PASSED          [ 17%]
tests/test_coords_view.py::TestBatch::test_batch_fmt_ddm PASSED          [ 17%]
tests/test_coords_view.py::TestBatch::test_batch_cs_gcj02_shifts_china_coords PASSED [ 17%]
tests/test_coords_view.py::TestBatch::test_batch_cs_bd09_shifts_china_coords PASSED [ 17%]
tests/test_coords_view.py::TestBatch::test_csv_export_has_header PASSED  [ 17%]
tests/test_coords_view.py::TestBatch::test_csv_export_row_count PASSED   [ 17%]
tests/test_coords_view.py::TestBatch::test_example_select_fills_textarea PASSED [ 17%]
tests/test_coords_view.py::TestBatch::test_controls_visible_after_parse PASSED [ 18%]
tests/test_coords_view.py::TestEscCloseMap::test_open_map_sets_flag PASSED [ 18%]
tests/test_coords_view.py::TestEscCloseMap::test_esc_closes_map_overlay PASSED [ 18%]
tests/test_db_manager.py::TestOpenProjectDb::test_creates_data_dir_and_file PASSED [ 18%]
tests/test_db_manager.py::TestOpenProjectDb::test_returns_cached_connection PASSED [ 18%]
tests/test_db_manager.py::TestOpenProjectDb::test_wal_mode PASSED        [ 18%]
tests/test_db_manager.py::TestOpenProjectDb::test_row_factory PASSED     [ 18%]
tests/test_db_manager.py::TestEnsureSchema::test_tables_created PASSED   [ 18%]
tests/test_db_manager.py::TestEnsureSchema::test_darwin_core_view_created PASSED [ 18%]
tests/test_db_manager.py::TestEnsureSchema::test_idempotent_second_call PASSED [ 18%]
tests/test_db_manager.py::TestEnsureSchema::test_specimens_columns PASSED [ 18%]
tests/test_db_manager.py::TestEnsureSchema::test_tasks_has_raw_json PASSED [ 18%]
tests/test_db_manager.py::TestEnsureSchema::test_grouping_extended_columns PASSED [ 18%]
tests/test_db_manager.py::TestEnsureSchema::test_darwin_core_columns PASSED [ 19%]
tests/test_db_manager.py::TestGetDb::test_get_db_opens_if_not_cached PASSED [ 19%]
tests/test_db_manager.py::TestGetDb::test_get_db_returns_same_as_open PASSED [ 19%]
tests/test_db_manager.py::TestCloseAll::test_close_all_clears_cache PASSED [ 19%]
tests/test_export_service.py::TestColumnCount::test_exactly_34_columns PASSED [ 19%]
tests/test_export_service.py::TestColumnCount::test_headers_match_columns PASSED [ 19%]
tests/test_export_service.py::TestColumnCount::test_no_duplicate_headers PASSED [ 19%]
tests/test_export_service.py::TestHelpers::test_pres_detail_known_code PASSED [ 19%]
tests/test_export_service.py::TestHelpers::test_pres_detail_unknown_code PASSED [ 19%]
tests/test_export_service.py::TestHelpers::test_pres_detail_none PASSED  [ 19%]
tests/test_export_service.py::TestHelpers::test_is_rna_r_prefix PASSED   [ 19%]
tests/test_export_service.py::TestHelpers::test_is_rna_non_r PASSED      [ 19%]
tests/test_export_service.py::TestHelpers::test_is_rna_none PASSED       [ 20%]
tests/test_export_service.py::TestHelpers::test_meta_score_all_filled PASSED [ 20%]
tests/test_export_service.py::TestHelpers::test_meta_score_none_fields PASSED [ 20%]
tests/test_export_service.py::TestHelpers::test_meta_score_partial PASSED [ 20%]
tests/test_export_service.py::TestHelpers::test_taxon_complete_full PASSED [ 20%]
tests/test_export_service.py::TestHelpers::test_taxon_complete_missing_family PASSED [ 20%]
tests/test_export_service.py::TestExportExcel::test_creates_file PASSED  [ 20%]
tests/test_export_service.py::TestExportExcel::test_sheet_name PASSED    [ 20%]
tests/test_export_service.py::TestExportExcel::test_header_row_count PASSED [ 20%]
tests/test_export_service.py::TestExportExcel::test_data_row_count PASSED [ 20%]
tests/test_export_service.py::TestExportExcel::test_uid_in_first_column PASSED [ 20%]
tests/test_export_service.py::TestExportExcel::test_column_filter PASSED [ 20%]
tests/test_export_service.py::TestExportExcel::test_empty_specimens PASSED [ 20%]
tests/test_export_service.py::TestExportExcel::test_none_fields_no_crash PASSED [ 21%]
tests/test_export_service.py::TestExportExcel::test_metadata_sheet_exists PASSED [ 21%]
tests/test_export_service.py::TestExportExcel::test_metadata_sheet_row_count PASSED [ 21%]
tests/test_export_service.py::TestExportExcel::test_creates_parent_dir PASSED [ 21%]
tests/test_export_service.py::TestExportCsv::test_creates_file PASSED    [ 21%]
tests/test_export_service.py::TestExportCsv::test_header_row PASSED      [ 21%]
tests/test_export_service.py::TestExportCsv::test_data_row_count PASSED  [ 21%]
tests/test_export_service.py::TestExportCsv::test_column_filter PASSED   [ 21%]
tests/test_export_service.py::TestExportCsv::test_empty_specimens PASSED [ 21%]
tests/test_export_service.py::TestExportCsv::test_none_fields_no_crash PASSED [ 21%]
tests/test_export_service.py::TestExportCsv::test_utf8_bom PASSED        [ 21%]
tests/test_export_service.py::TestExportCsv::test_uid_value_in_first_data_column PASSED [ 21%]
tests/test_export_service.py::TestExportDarwinCore::test_creates_file PASSED [ 21%]
tests/test_export_service.py::TestExportDarwinCore::test_dwc_header_fields PASSED [ 22%]
tests/test_export_service.py::TestExportDarwinCore::test_dwc_row_count PASSED [ 22%]
tests/test_export_service.py::TestExportDarwinCore::test_dwc_occurrence_id PASSED [ 22%]
tests/test_export_service.py::TestExportDarwinCore::test_dwc_locality_concatenation PASSED [ 22%]
tests/test_export_service.py::TestExportDarwinCore::test_dwc_empty_db PASSED [ 22%]
tests/test_grouping_service.py::TestLoadGrouping::test_unknown_uid_returns_empty PASSED [ 22%]
tests/test_grouping_service.py::TestLoadGrouping::test_creates_table_if_missing PASSED [ 22%]
tests/test_grouping_service.py::TestSaveGrouping::test_save_and_load_basic PASSED [ 22%]
tests/test_grouping_service.py::TestSaveGrouping::test_save_replaces_existing PASSED [ 22%]
tests/test_grouping_service.py::TestSaveGrouping::test_multiple_groups_persisted PASSED [ 22%]
tests/test_grouping_service.py::TestSaveGrouping::test_composed_tiff_path_persisted PASSED [ 22%]
tests/test_grouping_service.py::TestPhantomPathCleanup::test_phantom_paths_removed_on_save PASSED [ 22%]
tests/test_grouping_service.py::TestPhantomPathCleanup::test_all_real_paths_survive PASSED [ 22%]
tests/test_grouping_service.py::TestPhantomPathCleanup::test_all_phantom_paths_results_in_empty_group PASSED [ 23%]
tests/test_grouping_service.py::TestPhantomPathCleanup::test_clean_phantoms_false_preserves_paths PASSED [ 23%]
tests/test_grouping_service.py::TestExplicitUnassigns::test_add_and_get PASSED [ 23%]
tests/test_grouping_service.py::TestExplicitUnassigns::test_remove_unassign PASSED [ 23%]
tests/test_grouping_service.py::TestExplicitUnassigns::test_empty_db_returns_empty_set PASSED [ 23%]
tests/test_grouping_service.py::TestExplicitUnassigns::test_idempotent_add PASSED [ 23%]
tests/test_grouping_service.py::TestExplicitUnassigns::test_paths_stored_as_resolved_absolute PASSED [ 23%]
tests/test_grouping_service.py::TestExplicitUnassigns::test_multiple_paths PASSED [ 23%]
tests/test_helicon_args.py::TestFlagNaming::test_silent_flag PASSED      [ 23%]
tests/test_helicon_args.py::TestFlagNaming::test_no_silent_when_disabled PASSED [ 23%]
tests/test_helicon_args.py::TestFlagNaming::test_output_flag_uses_save_colon PASSED [ 23%]
tests/test_helicon_args.py::TestFlagNaming::test_method_flag_uses_mp_colon PASSED [ 23%]
tests/test_helicon_args.py::TestFlagNaming::test_radius_flag_uses_rp_colon PASSED [ 23%]
tests/test_helicon_args.py::TestFlagNaming::test_smoothing_flag_uses_sp_colon PASSED [ 24%]
tests/test_helicon_args.py::TestFlagNaming::test_quality_flag_uses_j_colon PASSED [ 24%]
tests/test_helicon_args.py::TestFlagNaming::test_tiff_compression_flag PASSED [ 24%]
tests/test_helicon_args.py::TestParameterEdgeCases::test_none_method_omitted PASSED [ 24%]
tests/test_helicon_args.py::TestParameterEdgeCases::test_empty_string_radius_omitted PASSED [ 24%]
tests/test_helicon_args.py::TestParameterEdgeCases::test_none_smoothing_omitted PASSED [ 24%]
tests/test_helicon_args.py::TestParameterEdgeCases::test_no_output_omits_save PASSED [ 24%]
tests/test_helicon_args.py::TestParameterEdgeCases::test_input_list_path_uses_i_flag PASSED [ 24%]
tests/test_helicon_args.py::TestParameterEdgeCases::test_all_params_together PASSED [ 24%]
tests/test_helicon_args.py::TestParameterEdgeCases::test_depth_map_flag PASSED [ 24%]
tests/test_helicon_args.py::TestParameterEdgeCases::test_sort_order_flag PASSED [ 24%]
tests/test_helicon_args.py::TestWslPathTranslation::test_wsl_to_windows_converts_mnt_path PASSED [ 24%]
tests/test_helicon_args.py::TestWslPathTranslation::test_wsl_to_windows_non_mnt_path_returns_none PASSED [ 24%]
tests/test_helicon_args.py::TestWslPathTranslation::test_wsl_to_windows_empty_returns_none PASSED [ 25%]
tests/test_helicon_args.py::TestWslPathTranslation::test_build_args_with_input_list_path_returned_as_string PASSED [ 25%]
tests/test_helicon_args.py::TestDetectHelicon::test_returns_none_when_not_installed PASSED [ 25%]
tests/test_helicon_args.py::TestDetectHelicon::test_env_var_path_used_when_set PASSED [ 25%]
tests/test_helicon_args.py::TestDetectHelicon::test_cache_is_reused PASSED [ 25%]
tests/test_helicon_args.py::TestDetectHelicon::test_reset_clears_cache PASSED [ 25%]
tests/test_import_service.py::TestImportDoesNotMutateSource::test_import_does_not_mutate_source PASSED [ 25%]
tests/test_import_service.py::TestRawJsonRoundtrip::test_raw_json_roundtrip PASSED [ 25%]
tests/test_import_service.py::TestChineseTaskKeyPreserved::test_chinese_task_key_preserved PASSED [ 25%]
tests/test_import_service.py::TestLegacyUidMissingStation::test_legacy_uid_missing_station PASSED [ 25%]
tests/test_import_service.py::TestIdempotentPerRow::test_idempotent_per_row PASSED [ 25%]
tests/test_import_service.py::TestBoundaryCases::test_missing_source_file_skips_not_crash PASSED [ 25%]
tests/test_import_service.py::TestBoundaryCases::test_corrupt_json_aborts_no_partial_write PASSED [ 25%]
tests/test_import_service.py::TestBoundaryCases::test_empty_specimens_empty_projects PASSED [ 26%]
tests/test_import_service.py::TestBoundaryCases::test_lon_lat_empty_string_stored_as_null PASSED [ 26%]
tests/test_import_service.py::TestBoundaryCases::test_same_uid_two_owner_dirs_go_to_separate_dbs PASSED [ 26%]
tests/test_label_core.py::TestNormalizedDate::test_strips_hyphens PASSED [ 26%]
tests/test_label_core.py::TestNormalizedDate::test_strips_slashes PASSED [ 26%]
tests/test_label_core.py::TestNormalizedDate::test_truncates_to_8 PASSED [ 26%]
tests/test_label_core.py::TestNormalizedDate::test_none_returns_empty PASSED [ 26%]
tests/test_label_core.py::TestNormalizedDate::test_empty_returns_empty PASSED [ 26%]
tests/test_label_core.py::TestNormalizedDate::test_pure_digits_passthrough PASSED [ 26%]
tests/test_label_core.py::TestNormalizedDate::test_non_numeric_string PASSED [ 26%]
tests/test_label_core.py::TestDateSegment::test_same_dates_returns_collection PASSED [ 26%]
tests/test_label_core.py::TestDateSegment::test_no_collection_returns_photo PASSED [ 26%]
tests/test_label_core.py::TestDateSegment::test_no_photo_returns_collection PASSED [ 26%]
tests/test_label_core.py::TestDateSegment::test_same_year_short_form PASSED [ 27%]
tests/test_label_core.py::TestDateSegment::test_different_year_full_form PASSED [ 27%]
tests/test_label_core.py::TestDateSegment::test_none_specimen PASSED     [ 27%]
tests/test_label_core.py::TestDateSegment::test_empty_dict PASSED        [ 27%]
tests/test_label_core.py::TestDateSegment::test_strips_non_digits_in_dates PASSED [ 27%]
tests/test_label_core.py::TestUniqueId::test_golden_vector PASSED        [ 27%]
tests/test_label_core.py::TestUniqueId::test_same_dates_no_suffix PASSED [ 27%]
tests/test_label_core.py::TestUniqueId::test_none_returns_empty PASSED   [ 27%]
tests/test_label_core.py::TestUniqueId::test_empty_dict_has_dashes PASSED [ 27%]
tests/test_label_core.py::TestUniqueId::test_station_included PASSED     [ 27%]
tests/test_label_core.py::TestRnaTissue::test_r_prefix_upper PASSED      [ 27%]
tests/test_label_core.py::TestRnaTissue::test_r_prefix_lower PASSED      [ 27%]
tests/test_label_core.py::TestRnaTissue::test_non_r_prefix PASSED        [ 27%]
tests/test_label_core.py::TestRnaTissue::test_none_storage PASSED        [ 28%]
tests/test_label_core.py::TestRnaTissue::test_none_specimen PASSED       [ 28%]
tests/test_label_core.py::TestRnaTissue::test_rna_preservative_r PASSED  [ 28%]
tests/test_label_core.py::TestRnaTissue::test_rna_preservative_non_r PASSED [ 28%]
tests/test_label_core.py::TestSpecimenToLabelData::test_unique_id_field_present PASSED [ 28%]
tests/test_label_core.py::TestSpecimenToLabelData::test_header_id_excludes_storage_and_date PASSED [ 28%]
tests/test_label_core.py::TestSpecimenToLabelData::test_collector_label PASSED [ 28%]
tests/test_label_core.py::TestSpecimenToLabelData::test_transcriptome_flag_true_for_r PASSED [ 28%]
tests/test_label_core.py::TestSpecimenToLabelData::test_transcriptome_flag_false_for_non_r PASSED [ 28%]
tests/test_label_core.py::TestSpecimenToLabelData::test_photo_notes_defaults_empty PASSED [ 28%]
tests/test_label_core.py::TestSpecimenToLabelData::test_all_expected_keys_present PASSED [ 28%]
tests/test_label_core.py::TestUniqueSpecimenIndices::test_removes_duplicates PASSED [ 28%]
tests/test_label_core.py::TestUniqueSpecimenIndices::test_keeps_distinct PASSED [ 28%]
tests/test_label_core.py::TestUniqueSpecimenIndices::test_first_index_wins PASSED [ 29%]
tests/test_label_core.py::TestUniqueSpecimenIndices::test_empty_indices PASSED [ 29%]
tests/test_label_core.py::TestUniqueSpecimenIndices::test_none_indices PASSED [ 29%]
tests/test_label_core.py::TestUniqueSpecimenIndices::test_out_of_range_index_skipped PASSED [ 29%]
tests/test_label_core.py::TestBucketSpecimens::test_non_r_in_samples_only PASSED [ 29%]
tests/test_label_core.py::TestBucketSpecimens::test_r_prefix_in_both_buckets PASSED [ 29%]
tests/test_label_core.py::TestBucketSpecimens::test_mixed_specimens PASSED [ 29%]
tests/test_label_core.py::TestBucketSpecimens::test_de_duplicates_by_unique_id PASSED [ 29%]
tests/test_label_core.py::TestBucketSpecimens::test_edits_applied PASSED [ 29%]
tests/test_label_core.py::TestBucketSpecimens::test_edits_none_value_not_applied PASSED [ 29%]
tests/test_label_core.py::TestBucketSpecimens::test_multiple_r_prefix_all_in_tissues PASSED [ 29%]
tests/test_label_core.py::TestNormalizeField::test_string_input PASSED   [ 29%]
tests/test_label_core.py::TestNormalizeField::test_dict_input PASSED     [ 30%]
tests/test_label_core.py::TestNormalizeField::test_dict_defaults PASSED  [ 30%]
tests/test_label_core.py::TestNormalizeField::test_none_input PASSED     [ 30%]
tests/test_label_core.py::TestNormalizeField::test_non_string_non_dict PASSED [ 30%]
tests/test_label_core.py::TestNormalizeTemplate::test_none_returns_fallback PASSED [ 30%]
tests/test_label_core.py::TestNormalizeTemplate::test_qr_ecc_defaults_to_q PASSED [ 30%]
tests/test_label_core.py::TestNormalizeTemplate::test_qr_position_defaults_to_right PASSED [ 30%]
tests/test_label_core.py::TestNormalizeTemplate::test_qr_size_pct_default PASSED [ 30%]
tests/test_label_core.py::TestNormalizeTemplate::test_line_height_default PASSED [ 30%]
tests/test_label_core.py::TestNormalizeTemplate::test_rows_normalized PASSED [ 30%]
tests/test_label_core.py::TestNormalizeTemplate::test_preserves_existing_qr_ecc PASSED [ 30%]
tests/test_label_core.py::TestNormalizeTemplate::test_custom_fallback PASSED [ 30%]
tests/test_label_core.py::TestResolveHelpers::test_line_height_row_override PASSED [ 30%]
tests/test_label_core.py::TestResolveHelpers::test_line_height_template_fallback PASSED [ 31%]
tests/test_label_core.py::TestResolveHelpers::test_line_height_global_default PASSED [ 31%]
tests/test_label_core.py::TestResolveHelpers::test_resolve_wrap_default_true PASSED [ 31%]
tests/test_label_core.py::TestResolveHelpers::test_resolve_wrap_explicit_false PASSED [ 31%]
tests/test_label_core.py::TestCalculateGrid::test_standard_a4_60x40 PASSED [ 31%]
tests/test_label_core.py::TestCalculateGrid::test_standard_a4_50x30 PASSED [ 31%]
tests/test_label_core.py::TestCalculateGrid::test_minimum_one_col_row PASSED [ 31%]
tests/test_label_core.py::TestCalculateGrid::test_custom_margin_override PASSED [ 31%]
tests/test_label_core.py::TestCalculateGrid::test_usable_dimensions_correct PASSED [ 31%]
tests/test_label_core.py::TestEstimateTextScale::test_scale_one_for_adequate_space PASSED [ 31%]
tests/test_label_core.py::TestEstimateTextScale::test_scale_below_one_for_overflow PASSED [ 31%]
tests/test_label_core.py::TestEstimateTextScale::test_scale_minimum_0_4 PASSED [ 31%]
tests/test_label_core.py::TestEstimateTextScale::test_scale_accounts_for_top_qr PASSED [ 31%]
tests/test_label_core.py::TestQrMetrics::test_position_none_returns_none PASSED [ 32%]
tests/test_label_core.py::TestQrMetrics::test_position_right PASSED      [ 32%]
tests/test_label_core.py::TestQrMetrics::test_position_left PASSED       [ 32%]
tests/test_label_core.py::TestQrMetrics::test_position_bottom PASSED     [ 32%]
tests/test_label_core.py::TestQrMetrics::test_position_free PASSED       [ 32%]
tests/test_label_core.py::TestQrMetrics::test_dist_fields_correct PASSED [ 32%]
tests/test_label_core.py::TestQrMetrics::test_default_ecc_q_in_normalized_template PASSED [ 32%]
tests/test_label_core.py::TestValidatePrintJob::test_no_warnings_for_valid_job PASSED [ 32%]
tests/test_label_core.py::TestValidatePrintJob::test_empty_items_raises_error PASSED [ 32%]
tests/test_label_core.py::TestValidatePrintJob::test_bad_size_dims_zero PASSED [ 32%]
tests/test_label_core.py::TestValidatePrintJob::test_tiny_label_warning PASSED [ 32%]
tests/test_label_core.py::TestValidatePrintJob::test_tissue_mini_warning_for_tissue_bucket PASSED [ 32%]
tests/test_label_core.py::TestValidatePrintJob::test_qr_none_warning_when_qr_disabled PASSED [ 32%]
tests/test_label_core.py::TestValidatePrintJob::test_qr_margin_warning_when_qr_near_edge PASSED [ 33%]
tests/test_label_core.py::TestValidatePrintJob::test_qr_small_warning PASSED [ 33%]
tests/test_label_core.py::TestCreatePrintJob::test_returns_job_with_warnings PASSED [ 33%]
tests/test_label_core.py::TestCreatePrintJob::test_copies_expands_labels PASSED [ 33%]
tests/test_label_core.py::TestCreatePrintJob::test_a4_layout_computed PASSED [ 33%]
tests/test_label_core.py::TestCreatePrintJob::test_label_papertype_no_layout PASSED [ 33%]
tests/test_label_core.py::TestCreatePrintJob::test_default_printer_margin PASSED [ 33%]
tests/test_label_core.py::TestCreatePrintJob::test_adapter_set_to_pyqt6 PASSED [ 33%]
tests/test_label_core.py::TestLabelService::test_build_print_job_sample_bucket PASSED [ 33%]
tests/test_label_core.py::TestLabelService::test_build_print_job_tissue_bucket_only_r PASSED [ 33%]
tests/test_label_core.py::TestLabelService::test_r_prefix_in_both_buckets PASSED [ 33%]
tests/test_label_core.py::TestLabelService::test_selected_indices_subset PASSED [ 33%]
tests/test_label_core.py::TestLabelService::test_de_duplication_by_unique_id PASSED [ 33%]
tests/test_label_core.py::TestLabelService::test_specimen_dataclass_accepted PASSED [ 34%]
tests/test_label_core.py::TestQrEccQ::test_default_template_ecc_is_q PASSED [ 34%]
tests/test_label_core.py::TestQrEccQ::test_builtin_templates_all_have_ecc_q PASSED [ 34%]
tests/test_label_core.py::TestQrEccQ::test_qrcode_library_ecc_q_available PASSED [ 34%]
tests/test_label_core.py::TestQrEccQ::test_generate_qr_pixmap_with_ecc_q PASSED [ 34%]
tests/test_label_core.py::TestLabelEditorWidget::test_instantiates_without_crash PASSED [ 34%]
tests/test_label_core.py::TestLabelEditorWidget::test_has_undo_stack PASSED [ 34%]
tests/test_label_core.py::TestLabelEditorWidget::test_has_scene PASSED   [ 34%]
tests/test_label_core.py::TestLabelEditorWidget::test_qr_item_present_for_default_template PASSED [ 34%]
tests/test_label_core.py::TestLabelEditorWidget::test_update_label_does_not_crash PASSED [ 34%]
tests/test_label_core.py::TestLabelEditorWidget::test_2mm_safety_margin_in_scene PASSED [ 34%]
tests/test_label_core.py::TestLabelsView::test_instantiates_without_crash PASSED [ 34%]
tests/test_label_core.py::TestLabelsView::test_on_activate_with_no_project PASSED [ 34%]
tests/test_label_core.py::TestLabelsView::test_step_navigation PASSED    [ 35%]
tests/test_label_library.py::TestLabelTemplateLibraryCRUD::test_empty_library_returns_no_records PASSED [ 35%]
tests/test_label_library.py::TestLabelTemplateLibraryCRUD::test_upsert_new_record_inserts PASSED [ 35%]
tests/test_label_library.py::TestLabelTemplateLibraryCRUD::test_upsert_existing_id_updates PASSED [ 35%]
tests/test_label_library.py::TestLabelTemplateLibraryCRUD::test_get_returns_record_by_id PASSED [ 35%]
tests/test_label_library.py::TestLabelTemplateLibraryCRUD::test_get_missing_id_returns_none PASSED [ 35%]
tests/test_label_library.py::TestLabelTemplateLibraryCRUD::test_rename_changes_name PASSED [ 35%]
tests/test_label_library.py::TestLabelTemplateLibraryCRUD::test_delete_removes_record PASSED [ 35%]
tests/test_label_library.py::TestLabelTemplateLibraryCRUD::test_delete_nonexistent_returns_false PASSED [ 35%]
tests/test_label_library.py::TestLabelTemplateLibraryCRUD::test_duplicate_creates_new_id PASSED [ 35%]
tests/test_label_library.py::TestLabelTemplateLibraryCRUD::test_duplicate_nonexistent_returns_none PASSED [ 35%]
tests/test_label_library.py::TestLabelTemplateLibraryCRUD::test_clone_from_builtin_creates_library_record PASSED [ 35%]
tests/test_label_library.py::TestLabelTemplateLibraryCRUD::test_tissue_library_sets_flavor PASSED [ 35%]
tests/test_label_library.py::TestLabelTemplateLibraryCRUD::test_multiple_records_persist_order PASSED [ 36%]
tests/test_label_library.py::TestSelectedKeyPersistence::test_default_sample_key_is_standard PASSED [ 36%]
tests/test_label_library.py::TestSelectedKeyPersistence::test_default_tissue_key_is_tissue_compact PASSED [ 36%]
tests/test_label_library.py::TestSelectedKeyPersistence::test_set_selected_key_persists PASSED [ 36%]
tests/test_label_library.py::TestSelectedKeyPersistence::test_select_record_sets_custom_key PASSED [ 36%]
tests/test_label_library.py::TestSelectedKeyPersistence::test_default_sample_size_key PASSED [ 36%]
tests/test_label_library.py::TestSelectedKeyPersistence::test_default_tissue_size_key PASSED [ 36%]
tests/test_label_library.py::TestSelectedKeyPersistence::test_set_selected_size_key_persists PASSED [ 36%]
tests/test_label_library.py::TestLegacyMigration::test_migration_skipped_when_flag_set PASSED [ 36%]
tests/test_label_library.py::TestLegacyMigration::test_migration_not_duplicated_on_second_call PASSED [ 36%]
tests/test_label_library.py::TestLabelEdits::test_field_override_applied_to_label_data PASSED [ 36%]
tests/test_label_library.py::TestLabelEdits::test_field_override_for_rna_specimen_in_both_buckets PASSED [ 36%]
tests/test_label_library.py::TestLabelEdits::test_none_edit_value_not_applied PASSED [ 36%]
tests/test_label_library.py::TestLabelEdits::test_only_edited_idx_overridden PASSED [ 37%]
tests/test_label_library.py::TestLabelEdits::test_label_service_passes_edits_to_items PASSED [ 37%]
tests/test_label_library.py::TestLabelEdits::test_multi_specimen_edits PASSED [ 37%]
tests/test_label_library.py::TestDualBucketPrintJob::test_sample_job_includes_all_specimens PASSED [ 37%]
tests/test_label_library.py::TestDualBucketPrintJob::test_tissue_job_includes_only_r_prefix PASSED [ 37%]
tests/test_label_library.py::TestDualBucketPrintJob::test_tissue_job_empty_when_no_r_prefix PASSED [ 37%]
tests/test_label_library.py::TestDualBucketPrintJob::test_copies_multiplies_labels_not_items PASSED [ 37%]
tests/test_label_library.py::TestLabelsViewFull::test_status_bar_labels_exist PASSED [ 37%]
tests/test_label_library.py::TestLabelsViewFull::test_update_status_bar_sets_labels PASSED [ 37%]
tests/test_label_library.py::TestLabelsViewFull::test_print_buttons_disabled_when_no_counts PASSED [ 37%]
tests/test_label_library.py::TestLabelsViewFull::test_print_buttons_enabled_when_counts_positive PASSED [ 37%]
tests/test_label_library.py::TestLabelsViewFull::test_print_tissue_button_disabled_when_tissue_zero PASSED [ 37%]
tests/test_label_library.py::TestLabelsViewFull::test_inject_specimens_with_rna PASSED [ 37%]
tests/test_label_library.py::TestLabelsViewFull::test_label_edits_initially_empty PASSED [ 38%]
tests/test_label_library.py::TestLabelsViewFull::test_step2_bucket_col_has_template_library PASSED [ 38%]
tests/test_label_library.py::TestLabelsViewFull::test_classic_layout_shows_template_section_without_navigation PASSED [ 38%]
tests/test_label_library.py::TestLabelsViewFull::test_template_library_visible_without_specimen_selection PASSED [ 38%]
tests/test_label_library.py::TestBucketColWidgetLibrary::test_selected_template_builtin_returns_standard PASSED [ 38%]
tests/test_label_library.py::TestBucketColWidgetLibrary::test_selected_template_library_key_resolved PASSED [ 38%]
tests/test_label_library.py::TestBucketColWidgetLibrary::test_dims_saved_and_restored PASSED [ 38%]
tests/test_label_library.py::TestBucketColWidgetLibrary::test_custom_dims_when_custom_selected PASSED [ 38%]
tests/test_label_library.py::TestLabelDataText::test_all_fields_present PASSED [ 38%]
tests/test_label_library.py::TestLabelDataText::test_missing_species_falls_back_to_latin PASSED [ 38%]
tests/test_label_library.py::TestLabelDataText::test_empty_fields_omitted PASSED [ 38%]
tests/test_label_library.py::TestLabelDataText::test_none_data_returns_empty PASSED [ 38%]
tests/test_label_library.py::TestLabelDataText::test_fields_joined_by_newline PASSED [ 38%]
tests/test_label_library.py::TestBackupSubsystem::test_backup_empty_library_returns_false PASSED [ 39%]
tests/test_label_library.py::TestBackupSubsystem::test_backup_nonempty_library_returns_true PASSED [ 39%]
tests/test_label_library.py::TestBackupSubsystem::test_latest_backup_none_when_no_backups PASSED [ 39%]
tests/test_label_library.py::TestBackupSubsystem::test_backup_and_retrieve PASSED [ 39%]
tests/test_label_library.py::TestBackupSubsystem::test_identical_content_not_duplicated PASSED [ 39%]
tests/test_label_library.py::TestBackupSubsystem::test_backup_rolling_max_20 PASSED [ 39%]
tests/test_label_library.py::TestBackupSubsystem::test_restore_replaces_library PASSED [ 39%]
tests/test_label_library.py::TestBackupSubsystem::test_restore_no_backup_returns_false PASSED [ 39%]
tests/test_label_library.py::TestBackupSubsystem::test_restore_creates_pre_restore_backup PASSED [ 39%]
tests/test_label_library.py::TestLabelEditorKeyboardShortcuts::test_undo_shortcut_exists PASSED [ 39%]
tests/test_label_library.py::TestLabelEditorKeyboardShortcuts::test_redo_shortcut_exists PASSED [ 39%]
tests/test_label_library.py::TestLabelEditorKeyboardShortcuts::test_undo_button_text PASSED [ 39%]
tests/test_label_row_editor.py::TestRowEditorPanel::test_instantiates_without_crash PASSED [ 40%]
tests/test_label_row_editor.py::TestRowEditorPanel::test_set_rows_returns_copy PASSED [ 40%]
tests/test_label_row_editor.py::TestRowEditorPanel::test_add_row_increases_count PASSED [ 40%]
tests/test_label_row_editor.py::TestRowEditorPanel::test_add_row_appends_default_field PASSED [ 40%]
tests/test_label_row_editor.py::TestRowEditorPanel::test_delete_row_decreases_count PASSED [ 40%]
tests/test_label_row_editor.py::TestRowEditorPanel::test_delete_row_out_of_range_no_crash PASSED [ 40%]
tests/test_label_row_editor.py::TestRowEditorPanel::test_move_row_up PASSED [ 40%]
tests/test_label_row_editor.py::TestRowEditorPanel::test_move_row_down PASSED [ 40%]
tests/test_label_row_editor.py::TestRowEditorPanel::test_move_row_at_boundary_no_crash PASSED [ 40%]
tests/test_label_row_editor.py::TestRowEditorPanel::test_rows_changed_signal_emitted_on_add PASSED [ 40%]
tests/test_label_row_editor.py::TestRowEditorPanel::test_rows_changed_signal_emitted_on_delete PASSED [ 40%]
tests/test_label_row_editor.py::TestRowEditorPanel::test_rows_changed_signal_emitted_on_move PASSED [ 40%]
tests/test_label_row_editor.py::TestLabelEditorRowEditor::test_row_editor_property_exists PASSED [ 40%]
tests/test_label_row_editor.py::TestLabelEditorRowEditor::test_row_editor_has_correct_row_count PASSED [ 41%]
tests/test_label_row_editor.py::TestLabelEditorRowEditor::test_add_row_updates_template_in_scene PASSED [ 41%]
tests/test_label_row_editor.py::TestLabelEditorRowEditor::test_delete_row_updates_template PASSED [ 41%]
tests/test_label_row_editor.py::TestLabelEditorRowEditor::test_reorder_row_works PASSED [ 41%]
tests/test_label_row_editor.py::TestLabelEditorRowEditor::test_undo_after_add_row PASSED [ 41%]
tests/test_label_row_editor.py::TestLabelEditorRowEditor::test_redo_after_undo_add_row PASSED [ 41%]
tests/test_label_row_editor.py::TestLabelEditorRowEditor::test_update_label_syncs_row_editor PASSED [ 41%]
tests/test_label_row_editor.py::TestRowsCommand::test_undo_restores_rows PASSED [ 41%]
tests/test_label_row_editor.py::TestRowsCommand::test_redo_applies_new_rows PASSED [ 41%]
tests/test_label_row_editor.py::TestPreviewContextMenu::test_view_has_context_menu_policy PASSED [ 41%]
tests/test_label_row_editor.py::TestPreviewContextMenu::test_copy_label_text_copies_to_clipboard PASSED [ 41%]
tests/test_label_row_editor.py::TestPreviewContextMenu::test_copy_label_text_content PASSED [ 41%]
tests/test_label_row_editor.py::TestPreviewContextMenu::test_cycle_qr_position_advances_position PASSED [ 41%]
tests/test_label_row_editor.py::TestPreviewContextMenu::test_cycle_qr_position_wraps_none_to_right PASSED [ 42%]
tests/test_label_row_editor.py::TestPreviewContextMenu::test_cycle_qr_emits_template_changed PASSED [ 42%]
tests/test_label_row_editor.py::TestPreviewContextMenu::test_context_menu_connected_to_slot PASSED [ 42%]
tests/test_main_window.py::test_register_view_adds_segment_and_page PASSED [ 42%]
tests/test_main_window.py::test_nav_segments_are_exclusive PASSED        [ 42%]
tests/test_main_window.py::test_navigate_to_shows_page_and_activates PASSED [ 42%]
tests/test_main_window.py::test_context_bar_no_project PASSED            [ 42%]
tests/test_main_window.py::test_context_bar_with_project PASSED          [ 42%]
tests/test_main_window.py::test_restore_state_selects_default PASSED     [ 42%]
tests/test_main_window.py::test_all_views_register PASSED                [ 42%]
tests/test_monitor_attribution.py::TestExplicitUnassigns::test_blacklisted_path_returns_none PASSED [ 42%]
tests/test_monitor_attribution.py::TestExplicitUnassigns::test_blacklist_overrides_all_other_sources PASSED [ 42%]
tests/test_monitor_attribution.py::TestExplicitUnassigns::test_non_blacklisted_path_not_affected PASSED [ 42%]
tests/test_monitor_attribution.py::TestGroupingPathToUid::test_path_in_grouping_returns_uid PASSED [ 43%]
tests/test_monitor_attribution.py::TestGroupingPathToUid::test_grouping_takes_priority_over_activation PASSED [ 43%]
tests/test_monitor_attribution.py::TestGroupingPathToUid::test_grouping_takes_priority_over_manual_assign PASSED [ 43%]
tests/test_monitor_attribution.py::TestManualAssign::test_manual_assign_returns_uid PASSED [ 43%]
tests/test_monitor_attribution.py::TestManualAssign::test_manual_assign_over_activation PASSED [ 43%]
tests/test_monitor_attribution.py::TestManualAssign::test_no_manual_assign_falls_through PASSED [ 43%]
tests/test_monitor_attribution.py::TestActivationWindow::test_single_activation_before_arrival PASSED [ 43%]
tests/test_monitor_attribution.py::TestActivationWindow::test_single_activation_after_arrival PASSED [ 43%]
tests/test_monitor_attribution.py::TestActivationWindow::test_multiple_activations_last_wins PASSED [ 43%]
tests/test_monitor_attribution.py::TestActivationWindow::test_no_activations_returns_none PASSED [ 43%]
tests/test_monitor_attribution.py::TestActivationWindow::test_uses_first_seen_at_not_mtime PASSED [ 43%]
tests/test_monitor_attribution.py::TestActivationWindow::test_uses_mtime_fallback_when_no_first_seen PASSED [ 43%]
tests/test_monitor_attribution.py::TestFirstSeenAtPersistence::test_first_seen_at_recorded_on_first_scan PASSED [ 43%]
tests/test_monitor_attribution.py::TestFirstSeenAtPersistence::test_first_seen_at_not_overwritten PASSED [ 44%]
tests/test_monitor_attribution.py::TestFirstSeenAtPersistence::test_unknown_file_returns_none PASSED [ 44%]
tests/test_monitor_attribution.py::TestFirstSeenAtPersistence::test_keyed_by_filename_not_full_path PASSED [ 44%]
tests/test_monitor_attribution.py::TestScanProject::test_scan_returns_jpg_files PASSED [ 44%]
tests/test_monitor_attribution.py::TestScanProject::test_scan_records_first_seen_at_in_db PASSED [ 44%]
tests/test_monitor_attribution.py::TestScanProject::test_first_seen_at_not_updated_on_rescan PASSED [ 44%]
tests/test_monitor_attribution.py::TestScanProject::test_scan_returns_tiff_files PASSED [ 44%]
tests/test_monitor_attribution.py::TestScanProject::test_nonexistent_dir_raises PASSED [ 44%]
tests/test_monitor_attribution.py::TestScanProject::test_attribution_applied_when_ctx_provided PASSED [ 44%]
tests/test_monitor_attribution.py::TestScanProject::test_hidden_files_excluded PASSED [ 44%]
tests/test_naming_full.py::TestParseUidFull::test_standard_full PASSED   [ 44%]
tests/test_naming_full.py::TestParseUidFull::test_single_date PASSED     [ 44%]
tests/test_naming_full.py::TestParseUidFull::test_seq_multi_digit PASSED [ 44%]
tests/test_naming_full.py::TestParseUidFull::test_returns_dict_not_none PASSED [ 45%]
tests/test_naming_full.py::TestParseUidUniqueId::test_unique_id_no_sequence PASSED [ 45%]
tests/test_naming_full.py::TestParseUidUniqueId::test_unique_id_single_date PASSED [ 45%]
tests/test_naming_full.py::TestParseUidLegacy::test_legacy_no_station PASSED [ 45%]
tests/test_naming_full.py::TestParseUidLegacy::test_legacy_does_not_crash PASSED [ 45%]
tests/test_naming_full.py::TestParseUidLegacy::test_invalid_returns_none PASSED [ 45%]
tests/test_naming_full.py::TestParseUidLegacy::test_empty_returns_none PASSED [ 45%]
tests/test_naming_full.py::TestParseUidLegacy::test_none_returns_none PASSED [ 45%]
tests/test_naming_full.py::TestParseUidChinese::test_chinese_site_no_crash PASSED [ 45%]
tests/test_naming_full.py::TestParseUidChinese::test_chinese_province_site_uniqueid PASSED [ 45%]
tests/test_naming_full.py::TestBuildUid::test_full_fields PASSED         [ 45%]
tests/test_naming_full.py::TestBuildUid::test_missing_station_omitted PASSED [ 45%]
tests/test_naming_full.py::TestBuildUid::test_no_double_dash PASSED      [ 45%]
tests/test_naming_full.py::TestBuildResultId::test_inserts_seq_at_index_4 PASSED [ 46%]
tests/test_naming_full.py::TestBuildResultId::test_seq_as_string PASSED  [ 46%]
tests/test_naming_full.py::TestBuildResultId::test_seq_2 PASSED          [ 46%]
tests/test_naming_full.py::TestExtractUniqueId::test_removes_seq_segment PASSED [ 46%]
tests/test_naming_full.py::TestExtractUniqueId::test_seq_2_removed PASSED [ 46%]
tests/test_naming_full.py::TestExtractUniqueId::test_already_unique_id_unchanged PASSED [ 46%]
tests/test_naming_full.py::TestExtractUniqueId::test_multi_digit_seq_removed PASSED [ 46%]
tests/test_naming_full.py::TestValidateUid::test_valid_full_with_seq PASSED [ 46%]
tests/test_naming_full.py::TestValidateUid::test_valid_unique_id PASSED  [ 46%]
tests/test_naming_full.py::TestValidateUid::test_invalid_empty PASSED    [ 46%]
tests/test_naming_full.py::TestValidateUid::test_invalid_none PASSED     [ 46%]
tests/test_naming_full.py::TestValidateUid::test_invalid_too_few_segments PASSED [ 46%]
tests/test_naming_full.py::TestValidateUid::test_valid_legacy_no_station PASSED [ 46%]
tests/test_naming_full.py::TestSpeciesSequenceSummary::test_next_id_from_specimen_ids_case_insensitive PASSED [ 47%]
tests/test_naming_full.py::TestSpeciesSequenceSummary::test_uses_uid_sources_when_id_column_missing PASSED [ 47%]
tests/test_naming_full.py::TestSpeciesSequenceSummary::test_reports_gaps_without_reusing_by_default PASSED [ 47%]
tests/test_naming_full.py::TestSpeciesSequenceSummary::test_empty_prefix_returns_empty_summary PASSED [ 47%]
tests/test_naming_full.py::TestSuggestedTiffName::test_basic PASSED      [ 47%]
tests/test_naming_full.py::TestSuggestedTiffName::test_seq_2 PASSED      [ 47%]
tests/test_naming_full.py::TestSuggestedTiffName::test_two_date_segments PASSED [ 47%]
tests/test_naming_full.py::TestSuggestedTiffName::test_none_sp_returns_none PASSED [ 47%]
tests/test_naming_full.py::TestSuggestedTiffName::test_default_seq_is_1 PASSED [ 47%]
tests/test_naming_uid.py::TestSpecimenDateSeg::test_both_equal PASSED    [ 47%]
tests/test_naming_uid.py::TestSpecimenDateSeg::test_no_collection PASSED [ 47%]
tests/test_naming_uid.py::TestSpecimenDateSeg::test_no_photo PASSED      [ 47%]
tests/test_naming_uid.py::TestSpecimenDateSeg::test_both_none PASSED     [ 47%]
tests/test_naming_uid.py::TestSpecimenDateSeg::test_same_year_different_month PASSED [ 48%]
tests/test_naming_uid.py::TestSpecimenDateSeg::test_different_year PASSED [ 48%]
tests/test_naming_uid.py::TestSpecimenDateSeg::test_strips_non_digits PASSED [ 48%]
tests/test_naming_uid.py::TestSpecimenDateSeg::test_truncates_to_8 PASSED [ 48%]
tests/test_naming_uid.py::TestSpecimenDateSeg::test_empty_strings PASSED [ 48%]
tests/test_naming_uid.py::TestSpecimenDateSeg::test_collection_only_no_photo_empty PASSED [ 48%]
tests/test_naming_uid.py::TestDeriveUid::test_full_fields PASSED         [ 48%]
tests/test_naming_uid.py::TestDeriveUid::test_missing_station_degrades PASSED [ 48%]
tests/test_naming_uid.py::TestDeriveUid::test_chinese_province_site PASSED [ 48%]
tests/test_naming_uid.py::TestDeriveUid::test_no_dates PASSED            [ 48%]
tests/test_naming_uid.py::TestDeriveUid::test_empty_dict_no_crash PASSED [ 48%]
tests/test_naming_uid.py::TestDeriveUid::test_lon_lat_not_in_uid PASSED  [ 48%]
tests/test_organize_service.py::TestBuildResultBasename::test_inserts_seq_at_position_4 PASSED [ 48%]
tests/test_organize_service.py::TestBuildResultBasename::test_seq_2 PASSED [ 49%]
tests/test_organize_service.py::TestBuildResultBasename::test_different_uid PASSED [ 49%]
tests/test_organize_service.py::TestBuildResultBasename::test_seq_always_at_index_4 PASSED [ 49%]
tests/test_organize_service.py::TestNextResultSequence::test_minimum_is_1 PASSED [ 49%]
tests/test_organize_service.py::TestNextResultSequence::test_uses_db_hint PASSED [ 49%]
tests/test_organize_service.py::TestNextResultSequence::test_bump_then_get PASSED [ 49%]
tests/test_organize_service.py::TestNextResultSequence::test_monotonically_increases_with_bumps PASSED [ 49%]
tests/test_organize_service.py::TestNextResultSequence::test_hint_not_decremented_by_bump PASSED [ 49%]
tests/test_organize_service.py::TestOrganizePreview::test_returns_seq_and_tiff_name PASSED [ 49%]
tests/test_organize_service.py::TestOrganizePreview::test_suggested_name_uses_build_result_basename PASSED [ 49%]
tests/test_organize_service.py::TestOrganizePreview::test_empty_uid_raises PASSED [ 49%]
tests/test_organize_service.py::TestOrganizePreview::test_includes_groups_from_db PASSED [ 49%]
tests/test_organize_service.py::TestOrganizePreview::test_warns_when_no_groups PASSED [ 50%]
tests/test_organize_service.py::TestOrganizeGate::test_inactive_uid_raises PASSED [ 50%]
tests/test_organize_service.py::TestOrganizeGate::test_active_uid_passes PASSED [ 50%]
tests/test_organize_service.py::TestOrganizeGate::test_allow_inactive_bypasses_active_check PASSED [ 50%]
tests/test_organize_service.py::TestOrganizeGate::test_no_groups_raises PASSED [ 50%]
tests/test_organize_service.py::TestOrganizeGate::test_group_with_only_one_jpg_raises PASSED [ 50%]
tests/test_organize_service.py::TestOrganizeGate::test_group_with_two_jpgs_passes PASSED [ 50%]
tests/test_organize_service.py::TestOrganizeGate::test_empty_uid_raises PASSED [ 50%]
tests/test_overview_view.py::TestImports::test_import_overview_view PASSED [ 50%]
tests/test_overview_view.py::TestImports::test_import_detail_dialog PASSED [ 50%]
tests/test_overview_view.py::TestImports::test_import_new_project_dialog PASSED [ 50%]
tests/test_overview_view.py::TestImports::test_import_result_lightbox_dialog PASSED [ 50%]
tests/test_overview_view.py::TestImports::test_import_subdir_control_widget PASSED [ 50%]
tests/test_overview_view.py::TestConstruction::test_constructs_without_error PASSED [ 51%]
tests/test_overview_view.py::TestConstruction::test_view_id PASSED       [ 51%]
tests/test_overview_view.py::TestConstruction::test_nav_title PASSED     [ 51%]
tests/test_overview_view.py::TestConstruction::test_nav_icon PASSED      [ 51%]
tests/test_overview_view.py::TestOnActivate::test_on_activate_no_projects PASSED [ 51%]
tests/test_overview_view.py::TestOnActivate::test_on_activate_with_empty_projects PASSED [ 51%]
tests/test_overview_view.py::TestHeaderButtons::test_new_project_button_exists PASSED [ 51%]
tests/test_overview_view.py::TestHeaderButtons::test_open_workspace_button_exists PASSED [ 51%]
tests/test_overview_view.py::TestHeaderButtons::test_new_project_button_is_primary PASSED [ 51%]
tests/test_overview_view.py::TestHeaderButtons::test_open_workspace_button_is_outline PASSED [ 51%]
tests/test_overview_view.py::TestTimeFilter::test_all_button_exists_and_checked_by_default PASSED [ 51%]
tests/test_overview_view.py::TestTimeFilter::test_year_buttons_exist PASSED [ 51%]
tests/test_overview_view.py::TestTimeFilter::test_year_filter_2026_exclusive_check PASSED [ 51%]
tests/test_overview_view.py::TestTimeFilter::test_year_filter_none_restores_all PASSED [ 52%]
tests/test_overview_view.py::TestTableStructure::test_column_count PASSED [ 52%]
tests/test_overview_view.py::TestTableStructure::test_column_headers PASSED [ 52%]
tests/test_overview_view.py::TestTableStructure::test_vertical_header_hidden PASSED [ 52%]
tests/test_overview_view.py::TestTablePopulation::test_empty_projects_gives_zero_rows PASSED [ 52%]
tests/test_overview_view.py::TestTablePopulation::test_three_projects_gives_three_rows PASSED [ 52%]
tests/test_overview_view.py::TestTablePopulation::test_project_name_in_first_column PASSED [ 52%]
tests/test_overview_view.py::TestTablePopulation::test_directory_in_second_column PASSED [ 52%]
tests/test_overview_view.py::TestTablePopulation::test_location_in_fourth_column PASSED [ 52%]
tests/test_overview_view.py::TestTablePopulation::test_collector_in_fifth_column PASSED [ 52%]
tests/test_overview_view.py::TestTablePopulation::test_action_cell_widget_in_sixth_column PASSED [ 52%]
tests/test_overview_view.py::TestTablePopulation::test_action_cell_has_enter_workspace_button PASSED [ 52%]
tests/test_overview_view.py::TestTablePopulation::test_action_cell_has_detail_button PASSED [ 52%]
tests/test_overview_view.py::TestYearFilter::test_filter_2026_shows_two_rows PASSED [ 53%]
tests/test_overview_view.py::TestYearFilter::test_filter_2025_shows_one_row PASSED [ 53%]
tests/test_overview_view.py::TestYearFilter::test_filter_all_shows_all_rows PASSED [ 53%]
tests/test_overview_view.py::TestDetailDialog::test_constructs_without_error PASSED [ 53%]
tests/test_overview_view.py::TestDetailDialog::test_shows_project_name PASSED [ 53%]
tests/test_overview_view.py::TestDetailDialog::test_constructs_without_error_no_directory PASSED [ 53%]
tests/test_overview_view.py::TestDetailDialog::test_constructs_with_real_directory PASSED [ 53%]
tests/test_overview_view.py::TestDetailDialog::test_stat_cards_show_numbers PASSED [ 53%]
tests/test_overview_view.py::TestEnterWorkspaceSignal::test_signal_emitted_with_directory PASSED [ 53%]
tests/test_overview_view.py::TestRowStatsChip::test_chip_text_in_name_cell PASSED [ 53%]
tests/test_overview_view.py::TestRowStatsChip::test_chip_contains_numeric_counts PASSED [ 53%]
tests/test_overview_view.py::TestRowStatsChip::test_no_chip_for_demo_project PASSED [ 53%]
tests/test_overview_view.py::TestDetailDialogResultsSection::test_detail_dialog_with_directory_constructs PASSED [ 53%]
tests/test_overview_view.py::TestDetailDialogResultsSection::test_detail_dialog_results_section_no_tifs PASSED [ 54%]
tests/test_overview_view.py::TestDetailDialogResultsSection::test_detail_dialog_results_section_with_tifs PASSED [ 54%]
tests/test_overview_view.py::TestDetailDialogResultsSection::test_subdir_controls_present_when_directory_given PASSED [ 54%]
tests/test_overview_view.py::TestDetailDialogResultsSection::test_subdir_controls_absent_without_directory PASSED [ 54%]
tests/test_overview_view.py::TestDetailDialogResultsSection::test_lightbox_constructs PASSED [ 54%]
tests/test_overview_view.py::TestDetailDialogResultsSection::test_lightbox_constructs_with_items PASSED [ 54%]
tests/test_overview_view.py::TestDefaultToRecentRealProject::test_auto_selects_recent_project PASSED [ 54%]
tests/test_overview_view.py::TestDefaultToRecentRealProject::test_no_override_if_already_set PASSED [ 54%]
tests/test_path_utils.py::TestWslToWindows::test_basic_n_drive PASSED    [ 54%]
tests/test_path_utils.py::TestWslToWindows::test_c_drive PASSED          [ 54%]
tests/test_path_utils.py::TestWslToWindows::test_uppercase_letter PASSED [ 54%]
tests/test_path_utils.py::TestWslToWindows::test_root_only PASSED        [ 54%]
tests/test_path_utils.py::TestWslToWindows::test_no_mnt_prefix_returns_none PASSED [ 54%]
tests/test_path_utils.py::TestWslToWindows::test_non_wsl_path_returns_none PASSED [ 55%]
tests/test_path_utils.py::TestWslToWindows::test_empty_returns_none PASSED [ 55%]
tests/test_path_utils.py::TestWindowsToWsl::test_backslash_path PASSED   [ 55%]
tests/test_path_utils.py::TestWindowsToWsl::test_forward_slash_path PASSED [ 55%]
tests/test_path_utils.py::TestWindowsToWsl::test_c_drive PASSED          [ 55%]
tests/test_path_utils.py::TestWindowsToWsl::test_uppercase_drive_lowercased PASSED [ 55%]
tests/test_path_utils.py::TestWindowsToWsl::test_non_windows_path_returns_none PASSED [ 55%]
tests/test_path_utils.py::TestWindowsToWsl::test_empty_returns_none PASSED [ 55%]
tests/test_path_utils.py::TestWindowsToWsl::test_root_drive_only PASSED  [ 55%]
tests/test_path_utils.py::TestRepairDoubledMount::test_wsl_double PASSED [ 55%]
tests/test_path_utils.py::TestRepairDoubledMount::test_wsl_double_no_trailing PASSED [ 55%]
tests/test_path_utils.py::TestRepairDoubledMount::test_no_double_unchanged PASSED [ 55%]
tests/test_path_utils.py::TestRepairDoubledMount::test_empty_unchanged PASSED [ 55%]
tests/test_path_utils.py::TestRepairDoubledMount::test_different_drive_letters_not_repaired PASSED [ 56%]
tests/test_path_utils.py::TestRepairDoubledMount::test_windows_double_n_drive PASSED [ 56%]
tests/test_path_utils.py::TestNormalizePath::test_already_posix_unchanged PASSED [ 56%]
tests/test_path_utils.py::TestNormalizePath::test_doubles_repaired PASSED [ 56%]
tests/test_path_utils.py::TestNormalizePath::test_windows_to_posix_in_wsl PASSED [ 56%]
tests/test_path_utils.py::TestNormalizePath::test_non_empty_result PASSED [ 56%]
tests/test_path_utils.py::TestIsWslRuntime::test_returns_bool PASSED     [ 56%]
tests/test_path_utils.py::TestIsWslRuntime::test_true_on_wsl_env PASSED  [ 56%]
tests/test_path_utils.py::TestIsWslRuntime::test_false_without_wsl_env_on_non_linux PASSED [ 56%]
tests/test_path_utils.py::TestSafePathRegistry::test_empty_registry_blocks_all PASSED [ 56%]
tests/test_path_utils.py::TestSafePathRegistry::test_registered_root_allows_self PASSED [ 56%]
tests/test_path_utils.py::TestSafePathRegistry::test_registered_root_allows_child PASSED [ 56%]
tests/test_path_utils.py::TestSafePathRegistry::test_path_outside_root_raises PASSED [ 56%]
tests/test_path_utils.py::TestSafePathRegistry::test_dotdot_traversal_blocked PASSED [ 57%]
tests/test_path_utils.py::TestSafePathRegistry::test_multiple_roots_any_passes PASSED [ 57%]
tests/test_path_utils.py::TestSafePathRegistry::test_register_same_root_twice_no_error PASSED [ 57%]
tests/test_path_utils.py::TestSafePathRegistry::test_label_in_error_message PASSED [ 57%]
tests/test_path_utils.py::TestSafePathRegistry::test_relative_semantics_not_startswith PASSED [ 57%]
tests/test_path_utils.py::TestSafePathRegistry::test_default_registry_importable PASSED [ 57%]
tests/test_project_dialog.py::TestSuggestProjectCode::test_first_project_returns_01 PASSED [ 57%]
tests/test_project_dialog.py::TestSuggestProjectCode::test_increments_for_same_year PASSED [ 57%]
tests/test_project_dialog.py::TestSuggestProjectCode::test_skips_demo_projects PASSED [ 57%]
tests/test_project_dialog.py::TestSuggestProjectCode::test_different_year_not_counted PASSED [ 57%]
tests/test_project_dialog.py::TestSuggestProjectCode::test_uses_current_year_if_not_given PASSED [ 57%]
tests/test_project_dialog.py::TestProjectDialogConstruction::test_new_mode_has_7_fields PASSED [ 57%]
tests/test_project_dialog.py::TestProjectDialogConstruction::test_open_mode_has_only_name_and_dir PASSED [ 57%]
tests/test_project_dialog.py::TestProjectDialogConstruction::test_new_mode_title PASSED [ 58%]
tests/test_project_dialog.py::TestProjectDialogConstruction::test_open_mode_title PASSED [ 58%]
tests/test_project_dialog.py::TestProjectDialogConstruction::test_start_date_defaults_to_today PASSED [ 58%]
tests/test_project_dialog.py::TestProjectDialogConstruction::test_code_placeholder_contains_prj PASSED [ 58%]
tests/test_project_dialog.py::TestProjectDialogValidation::test_missing_dir_shows_warning PASSED [ 58%]
tests/test_project_dialog.py::TestProjectDialogValidation::test_missing_name_shows_warning PASSED [ 58%]
tests/test_project_dialog.py::TestProjectDialogValidation::test_missing_location_shows_warning PASSED [ 58%]
tests/test_project_dialog.py::TestProjectDialogValidation::test_missing_collector_shows_warning PASSED [ 58%]
tests/test_project_dialog.py::TestProjectDialogValidation::test_missing_start_date_shows_warning PASSED [ 58%]
tests/test_project_dialog.py::TestProjectDialogCreateFields::test_returns_dict_on_success PASSED [ 58%]
tests/test_project_dialog.py::TestProjectDialogCreateFields::test_name_field PASSED [ 58%]
tests/test_project_dialog.py::TestProjectDialogCreateFields::test_project_code_field PASSED [ 58%]
tests/test_project_dialog.py::TestProjectDialogCreateFields::test_location_field PASSED [ 58%]
tests/test_project_dialog.py::TestProjectDialogCreateFields::test_collector_field PASSED [ 59%]
tests/test_project_dialog.py::TestProjectDialogCreateFields::test_year_derived_from_start_date PASSED [ 59%]
tests/test_project_dialog.py::TestProjectDialogCreateFields::test_date_range_includes_both_dates PASSED [ 59%]
tests/test_project_dialog.py::TestProjectDialogCreateFields::test_directory_field_set PASSED [ 59%]
tests/test_project_dialog.py::TestProjectDialogCreateFields::test_incoming_jpg_subdir_field PASSED [ 59%]
tests/test_project_dialog.py::TestProjectDialogCreateFields::test_results_subdir_field PASSED [ 59%]
tests/test_project_dialog.py::TestProjectDialogCreateFields::test_project_code_uppercased PASSED [ 59%]
tests/test_project_dialog.py::TestProjectDialogCreateFields::test_code_auto_suggested_when_empty PASSED [ 59%]
tests/test_project_dialog.py::TestProjectDialogOpenMode::test_open_mode_minimal_fields PASSED [ 59%]
tests/test_project_dialog.py::TestProjectDialogOpenMode::test_open_mode_name_defaults_to_dir_name PASSED [ 59%]
tests/test_project_dialog.py::TestProjectDialogOpenMode::test_open_mode_custom_name_preserved PASSED [ 59%]
tests/test_project_dialog.py::TestProjectDialogPersistence::test_result_project_can_be_appended_to_json PASSED [ 59%]
tests/test_project_service.py::TestCreateProject::test_returns_dict PASSED [ 60%]
tests/test_project_service.py::TestCreateProject::test_has_name_and_dir PASSED [ 60%]
tests/test_project_service.py::TestCreateProject::test_creates_subdirs PASSED [ 60%]
tests/test_project_service.py::TestCreateProject::test_result_has_id PASSED [ 60%]
tests/test_project_service.py::TestOpenProject::test_returns_dict PASSED [ 60%]
tests/test_project_service.py::TestOpenProject::test_registers_root_in_default_registry PASSED [ 60%]
tests/test_project_service.py::TestOpenProject::test_creates_subdirs_if_missing PASSED [ 60%]
tests/test_project_service.py::TestOpenProject::test_has_dir_key PASSED  [ 60%]
tests/test_project_service.py::TestListProjects::test_returns_list PASSED [ 60%]
tests/test_project_service.py::TestListProjects::test_returns_projects PASSED [ 60%]
tests/test_project_service.py::TestListProjects::test_missing_file_returns_empty PASSED [ 60%]
tests/test_project_service.py::TestListProjects::test_empty_file_returns_empty PASSED [ 60%]
tests/test_project_service.py::TestGetIncomingJpgDir::test_modern_dir_when_present PASSED [ 60%]
tests/test_project_service.py::TestGetIncomingJpgDir::test_legacy_fallback_when_modern_missing PASSED [ 61%]
tests/test_project_service.py::TestGetIncomingJpgDir::test_modern_preferred_over_legacy PASSED [ 61%]
tests/test_project_service.py::TestGetIncomingJpgDir::test_returns_modern_path_when_neither_exists PASSED [ 61%]
tests/test_project_service.py::TestGetResultsDir::test_returns_results_subdir PASSED [ 61%]
tests/test_project_service.py::TestGetResultsDir::test_is_inside_project_dir PASSED [ 61%]
tests/test_project_service.py::TestEnsureProjectDirs::test_creates_incoming_results_data PASSED [ 61%]
tests/test_project_service.py::TestEnsureProjectDirs::test_idempotent PASSED [ 61%]
tests/test_project_service.py::TestEnsureProjectDirs::test_returns_dict_with_paths PASSED [ 61%]
tests/test_project_service.py::TestGetProjectSummary::test_returns_dict_with_required_keys PASSED [ 61%]
tests/test_project_service.py::TestGetProjectSummary::test_empty_dir_returns_zeros PASSED [ 61%]
tests/test_project_service.py::TestGetProjectSummary::test_counts_tifs_in_results PASSED [ 61%]
tests/test_project_service.py::TestGetProjectSummary::test_counts_tifs_in_freeform PASSED [ 61%]
tests/test_project_service.py::TestGetProjectSummary::test_counts_jpgs_in_incoming PASSED [ 61%]
tests/test_project_service.py::TestGetProjectSummary::test_reads_specimen_count_from_sqlite PASSED [ 62%]
tests/test_project_service.py::TestGetProjectSummary::test_no_db_returns_zero_specimens PASSED [ 62%]
tests/test_project_service.py::TestGetProjectSummary::test_never_raises_on_nonexistent_dir PASSED [ 62%]
tests/test_project_service.py::TestGetProjectResults::test_returns_dict_with_required_keys PASSED [ 62%]
tests/test_project_service.py::TestGetProjectResults::test_empty_dir_returns_zero_total PASSED [ 62%]
tests/test_project_service.py::TestGetProjectResults::test_never_raises_on_nonexistent_dir PASSED [ 62%]
tests/test_project_service.py::TestGetProjectResults::test_counts_tifs_in_results PASSED [ 62%]
tests/test_project_service.py::TestGetProjectResults::test_groups_by_uid PASSED [ 62%]
tests/test_project_service.py::TestGetProjectResults::test_different_uids_produce_separate_groups PASSED [ 62%]
tests/test_project_service.py::TestGetProjectResults::test_unparseable_tif_goes_to_ungrouped PASSED [ 62%]
tests/test_project_service.py::TestGetProjectResults::test_freeform_dir_tifs_included PASSED [ 62%]
tests/test_project_service.py::TestGetProjectResults::test_item_has_path_name_seq_fields PASSED [ 62%]
tests/test_project_service.py::TestGetProjectResults::test_groups_sorted_by_uid PASSED [ 62%]
tests/test_project_service.py::TestDefaultToRecentRealProject::test_returns_none_for_empty_list PASSED [ 63%]
tests/test_project_service.py::TestDefaultToRecentRealProject::test_returns_directory_of_last_real_project PASSED [ 63%]
tests/test_project_service.py::TestDefaultToRecentRealProject::test_skips_demo_projects PASSED [ 63%]
tests/test_project_service.py::TestDefaultToRecentRealProject::test_returns_none_for_missing_file PASSED [ 63%]
tests/test_project_service.py::TestDefaultToRecentRealProject::test_skips_projects_without_directory PASSED [ 63%]
tests/test_retroactive_service.py::TestRetroactiveScan::test_scan_finds_named_tiffs PASSED [ 63%]
tests/test_retroactive_service.py::TestRetroactiveScan::test_scan_finds_jpgs_before_tiff PASSED [ 63%]
tests/test_retroactive_service.py::TestRetroactiveScan::test_scan_empty_project PASSED [ 63%]
tests/test_retroactive_service.py::TestRetroactiveScan::test_scan_unnamed_tiffs PASSED [ 63%]
tests/test_retroactive_service.py::TestRetroactiveScan::test_scan_unassigned_jpgs PASSED [ 63%]
tests/test_settings_view.py::TestInstantiation::test_view_creates_without_error PASSED [ 63%]
tests/test_settings_view.py::TestInstantiation::test_view_id_correct PASSED [ 63%]
tests/test_settings_view.py::TestInstantiation::test_nav_title_correct PASSED [ 63%]
tests/test_settings_view.py::TestInstantiation::test_nav_icon_set PASSED [ 64%]
tests/test_settings_view.py::TestInstantiation::test_object_name_matches_view_id PASSED [ 64%]
tests/test_settings_view.py::TestTabs::test_has_seven_tabs PASSED        [ 64%]
tests/test_settings_view.py::TestTabs::test_tab_titles PASSED            [ 64%]
tests/test_settings_view.py::TestDeleteJpgDefault::test_delete_jpg_checkbox_unchecked_by_default PASSED [ 64%]
tests/test_settings_view.py::TestDeleteJpgDefault::test_delete_jpg_checkbox_is_qcheckbox PASSED [ 64%]
tests/test_settings_view.py::TestDeleteJpgDefault::test_qsettings_delete_jpg_default_not_true PASSED [ 64%]
tests/test_settings_view.py::TestDeleteJpgDefault::test_delete_jpg_not_set_on_fresh_load PASSED [ 64%]
tests/test_settings_view.py::TestDeleteJpgDefault::test_delete_jpg_explicit_false_survives_reload PASSED [ 64%]
tests/test_settings_view.py::TestDeleteJpgDefault::test_delete_jpg_can_be_toggled_to_true PASSED [ 64%]
tests/test_settings_view.py::TestDeleteJpgDefault::test_delete_jpg_can_be_toggled_back_to_false PASSED [ 64%]
tests/test_settings_view.py::TestRoundTrip::test_current_user_round_trip PASSED [ 64%]
tests/test_settings_view.py::TestRoundTrip::test_helicon_exe_round_trip PASSED [ 64%]
tests/test_settings_view.py::TestRoundTrip::test_jxl_effort_round_trip PASSED [ 65%]
tests/test_settings_view.py::TestRoundTrip::test_helicon_radius_round_trip PASSED [ 65%]
tests/test_settings_view.py::TestRoundTrip::test_helicon_smoothing_round_trip PASSED [ 65%]
tests/test_settings_view.py::TestRoundTrip::test_helicon_quality_round_trip PASSED [ 65%]
tests/test_settings_view.py::TestRoundTrip::test_incoming_subdir_round_trip PASSED [ 65%]
tests/test_settings_view.py::TestRoundTrip::test_results_subdir_round_trip PASSED [ 65%]
tests/test_settings_view.py::TestRecentProjects::test_add_to_recent_shows_in_list PASSED [ 65%]
tests/test_settings_view.py::TestRecentProjects::test_recent_deduplicates PASSED [ 65%]
tests/test_settings_view.py::TestRecentProjects::test_recent_moves_to_front PASSED [ 65%]
tests/test_settings_view.py::TestRecentProjects::test_clear_recent_empties_list PASSED [ 65%]
tests/test_settings_view.py::TestAboutTab::test_app_version_constant_nonempty PASSED [ 65%]
tests/test_settings_view.py::TestAboutTab::test_about_tab_accessible PASSED [ 65%]
tests/test_settings_view.py::TestSettingsKeys::test_delete_jpg_key PASSED [ 65%]
tests/test_settings_view.py::TestSettingsKeys::test_current_user_key PASSED [ 66%]
tests/test_settings_view.py::TestSettingsKeys::test_jxl_effort_key PASSED [ 66%]
tests/test_settings_view.py::TestSettingsKeys::test_helicon_exe_key PASSED [ 66%]
tests/test_settings_view.py::TestSettingsKeys::test_incoming_subdir_key PASSED [ 66%]
tests/test_settings_view.py::TestSettingsKeys::test_results_subdir_key PASSED [ 66%]
tests/test_settings_view.py::TestSettingsKeys::test_helicon_presets_json_key PASSED [ 66%]
tests/test_settings_view.py::TestPresetCRUD::test_save_preset_stores_in_settings PASSED [ 66%]
tests/test_settings_view.py::TestPresetCRUD::test_save_preset_upserts_existing_name PASSED [ 66%]
tests/test_settings_view.py::TestPresetCRUD::test_empty_preset_name_not_saved PASSED [ 66%]
tests/test_settings_view.py::TestPresetCRUD::test_apply_preset_fills_spinboxes PASSED [ 66%]
tests/test_settings_view.py::TestPresetCRUD::test_apply_preset_double_click PASSED [ 66%]
tests/test_settings_view.py::TestPresetCRUD::test_delete_preset_removes_from_list PASSED [ 66%]
tests/test_settings_view.py::TestPresetCRUD::test_preset_list_survives_reload PASSED [ 66%]
tests/test_settings_view.py::TestPresetCRUD::test_multiple_presets_in_list PASSED [ 67%]
tests/test_settings_view.py::TestPresetCRUD::test_delete_one_of_many_presets PASSED [ 67%]
tests/test_settings_view.py::TestHeliconAdvancedParams::test_output_format_key PASSED [ 67%]
tests/test_settings_view.py::TestHeliconAdvancedParams::test_tiff_compression_key PASSED [ 67%]
tests/test_settings_view.py::TestHeliconAdvancedParams::test_save_depth_map_key PASSED [ 67%]
tests/test_settings_view.py::TestHeliconAdvancedParams::test_run_mode_key PASSED [ 67%]
tests/test_settings_view.py::TestHeliconAdvancedParams::test_concurrency_key PASSED [ 67%]
tests/test_settings_view.py::TestHeliconAdvancedParams::test_output_format_default_tif PASSED [ 67%]
tests/test_settings_view.py::TestHeliconAdvancedParams::test_output_format_round_trip_jpg PASSED [ 67%]
tests/test_settings_view.py::TestHeliconAdvancedParams::test_output_format_round_trip_tif PASSED [ 67%]
tests/test_settings_view.py::TestHeliconAdvancedParams::test_tiff_compression_default_u PASSED [ 67%]
tests/test_settings_view.py::TestHeliconAdvancedParams::test_tiff_compression_round_trip_lzw PASSED [ 67%]
tests/test_settings_view.py::TestHeliconAdvancedParams::test_tiff_compression_round_trip_zip PASSED [ 67%]
tests/test_settings_view.py::TestHeliconAdvancedParams::test_run_mode_default_silent PASSED [ 68%]
tests/test_settings_view.py::TestHeliconAdvancedParams::test_run_mode_round_trip_progress PASSED [ 68%]
tests/test_settings_view.py::TestHeliconAdvancedParams::test_run_mode_round_trip_gui PASSED [ 68%]
tests/test_settings_view.py::TestHeliconAdvancedParams::test_concurrency_default_1 PASSED [ 68%]
tests/test_settings_view.py::TestHeliconAdvancedParams::test_concurrency_round_trip PASSED [ 68%]
tests/test_settings_view.py::TestHeliconAdvancedParams::test_save_depth_map_default_false PASSED [ 68%]
tests/test_settings_view.py::TestHeliconAdvancedParams::test_save_depth_map_round_trip_true PASSED [ 68%]
tests/test_settings_view.py::TestHeliconAdvancedParams::test_qsettings_stores_output_format_as_string PASSED [ 68%]
tests/test_settings_view.py::TestHeliconAdvancedParams::test_qsettings_stores_run_mode_silent PASSED [ 68%]
tests/test_settings_view.py::TestHeliconAdvancedParams::test_qsettings_stores_tiff_compression_lzw PASSED [ 68%]
tests/test_settings_view.py::TestWorkbenchToggles::test_wb_auto_watch_key PASSED [ 68%]
tests/test_settings_view.py::TestWorkbenchToggles::test_wb_auto_activate_key PASSED [ 68%]
tests/test_settings_view.py::TestWorkbenchToggles::test_wb_grouping_auto_watch_key PASSED [ 68%]
tests/test_settings_view.py::TestWorkbenchToggles::test_wb_grouping_mode_key PASSED [ 69%]
tests/test_settings_view.py::TestWorkbenchToggles::test_wb_file_view_mode_key PASSED [ 69%]
tests/test_settings_view.py::TestWorkbenchToggles::test_auto_watch_default_true PASSED [ 69%]
tests/test_settings_view.py::TestWorkbenchToggles::test_auto_activate_new_default_false PASSED [ 69%]
tests/test_settings_view.py::TestWorkbenchToggles::test_grouping_auto_watch_default_false PASSED [ 69%]
tests/test_settings_view.py::TestWorkbenchToggles::test_grouping_mode_default_compose_organize PASSED [ 69%]
tests/test_settings_view.py::TestWorkbenchToggles::test_file_view_mode_default_jpg_tif PASSED [ 69%]
tests/test_settings_view.py::TestWorkbenchToggles::test_auto_watch_round_trip_false PASSED [ 69%]
tests/test_settings_view.py::TestWorkbenchToggles::test_auto_activate_round_trip_true PASSED [ 69%]
tests/test_settings_view.py::TestWorkbenchToggles::test_grouping_auto_watch_round_trip_true PASSED [ 69%]
tests/test_settings_view.py::TestWorkbenchToggles::test_grouping_mode_round_trip_compose PASSED [ 69%]
tests/test_settings_view.py::TestWorkbenchToggles::test_grouping_mode_round_trip_organize PASSED [ 69%]
tests/test_settings_view.py::TestWorkbenchToggles::test_file_view_mode_round_trip_with_zip PASSED [ 70%]
tests/test_settings_view.py::TestWorkbenchToggles::test_file_view_mode_round_trip_all PASSED [ 70%]
tests/test_settings_view.py::TestWorkbenchToggles::test_qsettings_stores_auto_watch_false PASSED [ 70%]
tests/test_settings_view.py::TestWorkbenchToggles::test_qsettings_stores_grouping_mode_string PASSED [ 70%]
tests/test_settings_view.py::TestWorkbenchToggles::test_qsettings_stores_file_view_mode_all PASSED [ 70%]
tests/test_settings_view.py::TestUISettings::test_ui_font_scale_key PASSED [ 70%]
tests/test_settings_view.py::TestUISettings::test_ui_icon_gps_key PASSED [ 70%]
tests/test_settings_view.py::TestUISettings::test_ui_icon_map_key PASSED [ 70%]
tests/test_settings_view.py::TestUISettings::test_ui_icon_folder_key PASSED [ 70%]
tests/test_settings_view.py::TestUISettings::test_ui_icon_search_key PASSED [ 70%]
tests/test_settings_view.py::TestUISettings::test_debug_use_real_compression_key PASSED [ 70%]
tests/test_settings_view.py::TestUISettings::test_shortcut_monitor_activate_key PASSED [ 70%]
tests/test_settings_view.py::TestUISettings::test_shortcut_labels_print_key PASSED [ 70%]
tests/test_settings_view.py::TestUISettings::test_font_scale_default_1 PASSED [ 71%]
tests/test_settings_view.py::TestUISettings::test_font_scale_round_trip PASSED [ 71%]
tests/test_settings_view.py::TestUISettings::test_font_scale_min_clamp PASSED [ 71%]
tests/test_settings_view.py::TestUISettings::test_font_scale_max_clamp PASSED [ 71%]
tests/test_settings_view.py::TestUISettings::test_font_scale_pct_label_updates PASSED [ 71%]
tests/test_settings_view.py::TestUISettings::test_icon_gps_round_trip PASSED [ 71%]
tests/test_settings_view.py::TestUISettings::test_icon_map_round_trip PASSED [ 71%]
tests/test_settings_view.py::TestUISettings::test_icon_folder_round_trip PASSED [ 71%]
tests/test_settings_view.py::TestUISettings::test_icon_search_round_trip PASSED [ 71%]
tests/test_settings_view.py::TestUISettings::test_use_real_compression_default_false PASSED [ 71%]
tests/test_settings_view.py::TestUISettings::test_use_real_compression_round_trip_true PASSED [ 71%]
tests/test_settings_view.py::TestUISettings::test_use_real_compression_round_trip_false PASSED [ 71%]
tests/test_settings_view.py::TestUISettings::test_qsettings_stores_use_real_compression_true PASSED [ 71%]
tests/test_settings_view.py::TestUISettings::test_shortcut_monitor_activate_round_trip PASSED [ 72%]
tests/test_settings_view.py::TestUISettings::test_shortcut_empty_on_fresh_settings PASSED [ 72%]
tests/test_settings_view.py::TestUISettings::test_ui_tab_accessible PASSED [ 72%]
tests/test_summary_view.py::TestInstantiation::test_creates_without_error PASSED [ 72%]
tests/test_summary_view.py::TestInstantiation::test_view_id PASSED       [ 72%]
tests/test_summary_view.py::TestInstantiation::test_nav_title PASSED     [ 72%]
tests/test_summary_view.py::TestInstantiation::test_nav_icon_set PASSED  [ 72%]
tests/test_summary_view.py::TestInstantiation::test_object_name_matches_view_id PASSED [ 72%]
tests/test_summary_view.py::TestOnActivate::test_no_crash_without_project PASSED [ 72%]
tests/test_summary_view.py::TestOnActivate::test_no_crash_empty_db PASSED [ 72%]
tests/test_summary_view.py::TestOnActivate::test_loads_specimens_from_db PASSED [ 72%]
tests/test_summary_view.py::TestOnActivate::test_count_label_shows_row_count PASSED [ 72%]
tests/test_summary_view.py::TestFieldPicker::test_picker_hidden_by_default PASSED [ 72%]
tests/test_summary_view.py::TestFieldPicker::test_toggle_shows_picker PASSED [ 73%]
tests/test_summary_view.py::TestFieldPicker::test_toggle_hides_picker PASSED [ 73%]
tests/test_summary_view.py::TestFieldPicker::test_change_keys_rebuilds_table PASSED [ 73%]
tests/test_summary_view.py::TestProjectFilter::test_combo_has_all_plus_projects PASSED [ 73%]
tests/test_summary_view.py::TestProjectFilter::test_combo_first_item_all PASSED [ 73%]
tests/test_summary_view.py::TestProjectFilter::test_filter_reduces_table_rows PASSED [ 73%]
tests/test_summary_view.py::TestTableModel::test_model_has_correct_row_count PASSED [ 73%]
tests/test_summary_view.py::TestTableModel::test_default_visible_cols_count PASSED [ 73%]
tests/test_summary_view.py::TestTableModel::test_header_matches_visible_keys PASSED [ 73%]
tests/test_summary_view.py::TestCsvExport::test_csv_header_matches_visible_cols PASSED [ 73%]
tests/test_summary_view.py::TestRegistry::test_summary_at_index_6 PASSED [ 73%]
tests/test_summary_view.py::TestRegistry::test_collab_not_in_all_views PASSED [ 73%]
tests/test_summary_view.py::TestRegistry::test_nav_order PASSED          [ 73%]
tests/test_summary_view.py::TestAllCols::test_all_cols_has_expected_keys PASSED [ 74%]
tests/test_summary_view.py::TestAllCols::test_default_keys_subset_of_all PASSED [ 74%]
tests/test_summary_view.py::TestDwcExportButton::test_dwc_button_exists PASSED [ 74%]
tests/test_summary_view.py::TestDwcExportButton::test_dwc_button_tooltip_set PASSED [ 74%]
tests/test_summary_view.py::TestDwcExportButton::test_dwc_export_no_db_shows_info PASSED [ 74%]
tests/test_summary_view.py::TestDwcExportButton::test_dwc_export_with_db_writes_file PASSED [ 74%]
tests/test_taxonomy_service.py::TestLoading::test_seed_count PASSED      [ 74%]
tests/test_taxonomy_service.py::TestLoading::test_user_count_zero_initially PASSED [ 74%]
tests/test_taxonomy_service.py::TestLoading::test_user_json_created_if_absent PASSED [ 74%]
tests/test_taxonomy_service.py::TestLoading::test_seed_absent_returns_empty PASSED [ 74%]
tests/test_taxonomy_service.py::TestLoading::test_reload_repopulates PASSED [ 74%]
tests/test_taxonomy_service.py::TestSearch::test_empty_query_returns_all_of_level PASSED [ 74%]
tests/test_taxonomy_service.py::TestSearch::test_latin_substring_match PASSED [ 74%]
tests/test_taxonomy_service.py::TestSearch::test_chinese_substring_match PASSED [ 75%]
tests/test_taxonomy_service.py::TestSearch::test_nfkc_normalisation PASSED [ 75%]
tests/test_taxonomy_service.py::TestSearch::test_case_insensitive PASSED [ 75%]
tests/test_taxonomy_service.py::TestSearch::test_max_results_limit PASSED [ 75%]
tests/test_taxonomy_service.py::TestSearch::test_invalid_sp_key_raises PASSED [ 75%]
tests/test_taxonomy_service.py::TestSearch::test_source_is_seed_for_seed_records PASSED [ 75%]
tests/test_taxonomy_service.py::TestSearch::test_result_ranking_earliest_match_first PASSED [ 75%]
tests/test_taxonomy_service.py::TestAncestorFiltering::test_order_filters_families PASSED [ 75%]
tests/test_taxonomy_service.py::TestAncestorFiltering::test_class_filters_orders PASSED [ 75%]
tests/test_taxonomy_service.py::TestAncestorFiltering::test_no_context_returns_all_families PASSED [ 75%]
tests/test_taxonomy_service.py::TestAncestorFiltering::test_unknown_parent_does_not_filter PASSED [ 75%]
tests/test_taxonomy_service.py::TestAncestorFiltering::test_genus_filters_species PASSED [ 75%]
tests/test_taxonomy_service.py::TestLearn::test_learn_incomplete_tuple_skipped PASSED [ 75%]
tests/test_taxonomy_service.py::TestLearn::test_learn_complete_tuple_saved PASSED [ 76%]
tests/test_taxonomy_service.py::TestLearn::test_learn_persists_to_disk PASSED [ 76%]
tests/test_taxonomy_service.py::TestLearn::test_learn_increments_use_count PASSED [ 76%]
tests/test_taxonomy_service.py::TestLearn::test_learn_optional_cn_fields_stored PASSED [ 76%]
tests/test_taxonomy_service.py::TestLearn::test_learn_does_not_overwrite_seed PASSED [ 76%]
tests/test_taxonomy_service.py::TestLearn::test_learn_user_record_has_record_id PASSED [ 76%]
tests/test_taxonomy_service.py::TestLearn::test_learn_user_appears_first_in_search PASSED [ 76%]
tests/test_taxonomy_service.py::TestUpdate::test_update_existing_user_record PASSED [ 76%]
tests/test_taxonomy_service.py::TestUpdate::test_update_nonexistent_returns_none PASSED [ 76%]
tests/test_taxonomy_service.py::TestUpdate::test_update_persists_to_disk PASSED [ 76%]
tests/test_taxonomy_service.py::TestUpdate::test_update_does_not_overwrite_seed PASSED [ 76%]
tests/test_taxonomy_service.py::TestDelete::test_delete_existing_user_record PASSED [ 76%]
tests/test_taxonomy_service.py::TestDelete::test_delete_nonexistent_returns_false PASSED [ 76%]
tests/test_taxonomy_service.py::TestDelete::test_delete_persists_to_disk PASSED [ 77%]
tests/test_taxonomy_service.py::TestDelete::test_delete_does_not_overwrite_seed PASSED [ 77%]
tests/test_taxonomy_service.py::TestSeedImmutability::test_seed_unchanged_after_learn_update_delete PASSED [ 77%]
tests/test_taxonomy_service.py::TestAllRecords::test_all_records_total PASSED [ 77%]
tests/test_taxonomy_service.py::TestAllRecords::test_all_records_source_filter_seed PASSED [ 77%]
tests/test_taxonomy_service.py::TestAllRecords::test_all_records_source_filter_user_empty PASSED [ 77%]
tests/test_taxonomy_service.py::TestAllRecords::test_all_records_pagination PASSED [ 77%]
tests/test_taxonomy_service.py::TestAllRecords::test_all_records_user_appears_before_seed PASSED [ 77%]
tests/test_taxonomy_service.py::TestHistory::test_update_stores_history_entry PASSED [ 77%]
tests/test_taxonomy_service.py::TestHistory::test_update_history_max_10 PASSED [ 77%]
tests/test_taxonomy_service.py::TestHistory::test_update_history_persists_to_disk PASSED [ 77%]
tests/test_taxonomy_service.py::TestHistory::test_update_history_before_has_all_fields PASSED [ 77%]
tests/test_taxonomy_service.py::TestFindSeedByLevel::test_find_existing_class PASSED [ 77%]
tests/test_taxonomy_service.py::TestFindSeedByLevel::test_find_case_insensitive PASSED [ 78%]
tests/test_taxonomy_service.py::TestFindSeedByLevel::test_find_missing_returns_none PASSED [ 78%]
tests/test_taxonomy_service.py::TestFindSeedByLevel::test_find_empty_value_returns_none PASSED [ 78%]
tests/test_taxonomy_service.py::TestFindSeedByLevel::test_find_species_level PASSED [ 78%]
tests/test_taxonomy_service.py::TestValidateTaxonomyChain::test_consistent_chain_ok PASSED [ 78%]
tests/test_taxonomy_service.py::TestValidateTaxonomyChain::test_mismatch_order_detected PASSED [ 78%]
tests/test_taxonomy_service.py::TestValidateTaxonomyChain::test_mismatch_class_detected PASSED [ 78%]
tests/test_taxonomy_service.py::TestValidateTaxonomyChain::test_empty_specimen_is_ok PASSED [ 78%]
tests/test_taxonomy_service.py::TestValidateTaxonomyChain::test_unknown_species_no_mismatch PASSED [ 78%]
tests/test_taxonomy_service.py::TestValidateTaxonomyChain::test_returns_seed_entries PASSED [ 78%]
tests/test_taxonomy_service.py::TestApplyTaxonomyAuthority::test_apply_from_species_entry PASSED [ 78%]
tests/test_taxonomy_service.py::TestApplyTaxonomyAuthority::test_apply_fills_cn_fields PASSED [ 78%]
tests/test_taxonomy_service.py::TestApplyTaxonomyAuthority::test_apply_sets_taxonomy_confirmed_false PASSED [ 78%]
tests/test_taxonomy_service.py::TestApplyTaxonomyAuthority::test_apply_no_entry_does_nothing PASSED [ 79%]
tests/test_taxonomy_service.py::TestTaxonEntryCn::test_returns_cn_from_entry_directly PASSED [ 79%]
tests/test_taxonomy_service.py::TestTaxonEntryCn::test_falls_back_to_seed_lookup PASSED [ 79%]
tests/test_taxonomy_service.py::TestTaxonEntryCn::test_returns_empty_when_not_found PASSED [ 79%]
tests/test_taxonomy_service.py::TestFindUserEntryForCurrent::test_finds_matching_entry PASSED [ 79%]
tests/test_taxonomy_service.py::TestFindUserEntryForCurrent::test_case_insensitive_match PASSED [ 79%]
tests/test_taxonomy_service.py::TestFindUserEntryForCurrent::test_returns_none_when_no_match PASSED [ 79%]
tests/test_taxonomy_service.py::TestFindUserEntryForCurrent::test_returns_none_when_user_empty PASSED [ 79%]
tests/test_taxonomy_service.py::TestApplyDraftToSpecimen::test_copies_all_8_fields PASSED [ 79%]
tests/test_taxonomy_service.py::TestApplyDraftToSpecimen::test_sets_taxonomy_confirmed_false PASSED [ 79%]
tests/test_taxonomy_service.py::TestApplyDraftToSpecimen::test_strips_whitespace PASSED [ 79%]
tests/test_taxonomy_service.py::TestApplyDraftToSpecimen::test_missing_draft_fields_become_empty PASSED [ 79%]
tests/test_taxonomy_service.py::TestEditingFinishedExactMatch::test_blur_exact_latin_fills_ancestors PASSED [ 80%]
tests/test_taxonomy_service.py::TestEditingFinishedExactMatch::test_blur_exact_cn_fills_ancestors PASSED [ 80%]
tests/test_taxonomy_service.py::TestEditingFinishedExactMatch::test_blur_no_match_emits_nothing PASSED [ 80%]
tests/test_taxonomy_service.py::TestEditingFinishedExactMatch::test_blur_does_not_overwrite_child_inputs PASSED [ 80%]
tests/test_taxonomy_service.py::TestTaxonomyInputPanelSmoke::test_panel_constructs PASSED [ 80%]
tests/test_taxonomy_service.py::TestTaxonomyInputPanelSmoke::test_panel_has_four_inputs PASSED [ 80%]
tests/test_taxonomy_service.py::TestTaxonomyInputPanelSmoke::test_set_values_no_signal PASSED [ 80%]
tests/test_taxonomy_service.py::TestTaxonomyInputPanelSmoke::test_set_context_updates_internal_state PASSED [ 80%]
tests/test_taxonomy_service.py::TestTaxonomyInputPanelSmoke::test_clear_all_empties_inputs PASSED [ 80%]
tests/test_taxonomy_service.py::TestTaxonomyInputPanelSmoke::test_popup_constructs PASSED [ 80%]
tests/test_taxonomy_service.py::TestTaxonomyInputPanelSmoke::test_candidate_model_empty PASSED [ 80%]
tests/test_taxonomy_service.py::TestTaxonomyInputPanelSmoke::test_candidate_model_set_items PASSED [ 80%]
tests/test_taxonomy_service.py::TestTaxonomyViewSmoke::test_view_constructs PASSED [ 80%]
tests/test_taxonomy_service.py::TestTaxonomyViewSmoke::test_view_on_activate_no_crash PASSED [ 81%]
tests/test_taxonomy_service.py::TestTaxonomyViewSmoke::test_view_has_table PASSED [ 81%]
tests/test_taxonomy_service.py::TestTaxonomyViewSmoke::test_record_dialog_history_button_visible_when_history_present PASSED [ 81%]
tests/test_taxonomy_service.py::TestTaxonomyViewSmoke::test_record_dialog_no_history_button_when_no_history PASSED [ 81%]
tests/test_taxonomy_view.py::TestRecordDialog::test_dialog_constructs_no_record PASSED [ 81%]
tests/test_taxonomy_view.py::TestRecordDialog::test_dialog_constructs_with_record PASSED [ 81%]
tests/test_taxonomy_view.py::TestRecordDialog::test_dialog_prepopulates_fields PASSED [ 81%]
tests/test_taxonomy_view.py::TestRecordDialog::test_get_record_returns_all_fields PASSED [ 81%]
tests/test_taxonomy_view.py::TestRecordDialog::test_history_button_hidden_when_no_history PASSED [ 81%]
tests/test_taxonomy_view.py::TestRecordDialog::test_history_button_visible_when_history_present PASSED [ 81%]
tests/test_taxonomy_view.py::TestHistoryDialog::test_dialog_constructs_with_history PASSED [ 81%]
tests/test_taxonomy_view.py::TestHistoryDialog::test_dialog_shows_newest_first PASSED [ 81%]
tests/test_taxonomy_view.py::TestTaxonTableModel::test_set_records_updates_row_count PASSED [ 81%]
tests/test_taxonomy_view.py::TestTaxonTableModel::test_row_number_column_shows_offset_plus_one PASSED [ 82%]
tests/test_taxonomy_view.py::TestTaxonTableModel::test_checked_state_toggle PASSED [ 82%]
tests/test_taxonomy_view.py::TestTaxonTableModel::test_clear_checked PASSED [ 82%]
tests/test_taxonomy_view.py::TestTaxonTableModel::test_source_column_shows_seed_or_user PASSED [ 82%]
tests/test_taxonomy_view.py::TestImportRows::test_import_english_headers PASSED [ 82%]
tests/test_taxonomy_view.py::TestImportRows::test_import_chinese_headers PASSED [ 82%]
tests/test_taxonomy_view.py::TestImportRows::test_import_skips_incomplete_rows PASSED [ 82%]
tests/test_taxonomy_view.py::TestImportRows::test_import_optional_cn_fields PASSED [ 82%]
tests/test_taxonomy_view.py::TestImportRows::test_import_multiple_rows PASSED [ 82%]
tests/test_taxonomy_view.py::TestExportCsv::test_csv_written_with_header PASSED [ 82%]
tests/test_taxonomy_view.py::TestExportCsv::test_csv_user_record_shows_correct_source PASSED [ 82%]
tests/test_taxonomy_view.py::TestViewOnActivate::test_on_activate_loads_records PASSED [ 82%]
tests/test_taxonomy_view.py::TestViewOnActivate::test_on_activate_updates_stats_label PASSED [ 82%]
tests/test_taxonomy_view.py::TestViewOnActivate::test_on_activate_footer_shows_seed_and_user PASSED [ 83%]
tests/test_taxonomy_view.py::TestViewOnActivate::test_pagination_initial_page_is_1 PASSED [ 83%]
tests/test_taxonomy_view.py::TestViewOnActivate::test_total_equals_seed_count_initially PASSED [ 83%]
tests/test_taxonomy_view.py::TestTaxonomyChart::test_chart_entries_count_orders PASSED [ 83%]
tests/test_taxonomy_view.py::TestTaxonomyChart::test_chart_entries_respect_current_filter PASSED [ 83%]
tests/test_taxonomy_view.py::TestTaxonomyChart::test_chart_toggle_opens_nonblocking_dialog PASSED [ 83%]
tests/test_taxonomy_view.py::TestTaxonomyWormsUpdate::test_worms_update_ids_from_filter PASSED [ 83%]
tests/test_taxonomy_view.py::TestTaxonomyWormsUpdate::test_worms_update_creates_project_job PASSED [ 83%]
tests/test_taxonomy_view.py::TestTaxonFacetPanel::test_constructs PASSED [ 83%]
tests/test_taxonomy_view.py::TestTaxonFacetPanel::test_unique_values_counts PASSED [ 83%]
tests/test_taxonomy_view.py::TestTaxonFacetPanel::test_value_checked_all_mode PASSED [ 83%]
tests/test_taxonomy_view.py::TestTaxonFacetPanel::test_value_checked_include_mode PASSED [ 83%]
tests/test_taxonomy_view.py::TestTaxonFacetPanel::test_value_checked_exclude_mode PASSED [ 83%]
tests/test_taxonomy_view.py::TestTaxonFacetPanel::test_value_checked_search_mode PASSED [ 84%]
tests/test_taxonomy_view.py::TestTaxonFacetPanel::test_filter_applied_signal_none_on_clear PASSED [ 84%]
tests/test_taxonomy_view.py::TestTaxonFacetPanel::test_filter_applied_signal_include_on_ok PASSED [ 84%]
tests/test_taxonomy_view.py::TestTaxonFacetPanel::test_sort_requested_signal PASSED [ 84%]
tests/test_taxonomy_view.py::TestFacetFilterIntegration::test_include_filter_restricts_rows PASSED [ 84%]
tests/test_taxonomy_view.py::TestFacetFilterIntegration::test_exclude_filter_hides_rows PASSED [ 84%]
tests/test_taxonomy_view.py::TestFacetFilterIntegration::test_facet_filter_applied_clears_on_none PASSED [ 84%]
tests/test_taxonomy_view.py::TestFacetFilterIntegration::test_sort_asc_orders_records PASSED [ 84%]
tests/test_taxonomy_view.py::TestFacetFilterIntegration::test_sort_desc_reverses_order PASSED [ 84%]
tests/test_taxonomy_view.py::TestWormsMatchDialog::test_dialog_constructs PASSED [ 84%]
tests/test_taxonomy_view.py::TestWormsMatchDialog::test_dialog_get_result_none_before_accept PASSED [ 84%]
tests/test_taxonomy_view.py::TestWormsMatchDialog::test_on_no_match_sets_result PASSED [ 84%]
tests/test_taxonomy_view.py::TestTaxonReviewDialog::test_dialog_no_candidates PASSED [ 84%]
tests/test_taxonomy_view.py::TestTaxonReviewDialog::test_dialog_with_candidates PASSED [ 85%]
tests/test_taxonomy_view.py::TestTaxonReviewDialog::test_on_no_match_returns_no_match PASSED [ 85%]
tests/test_taxonomy_view.py::TestTaxonReviewDialog::test_on_use_returns_aphia_id PASSED [ 85%]
tests/test_taxonomy_view.py::TestJobPanel::test_panel_hidden_when_no_jobs PASSED [ 85%]
tests/test_taxonomy_view.py::TestJobPanel::test_panel_progress_text_when_job_present PASSED [ 85%]
tests/test_taxonomy_view.py::TestJobPanel::test_panel_hides_when_no_jobs_found PASSED [ 85%]
tests/test_taxonomy_view.py::TestRowContextMenu::test_context_menu_opens_without_crash PASSED [ 85%]
tests/test_taxonomy_view.py::TestRowContextMenu::test_context_menu_noop_for_off_table PASSED [ 85%]
tests/test_ui_helper.py::TestTopWindow::test_returns_none_for_none PASSED [ 85%]
tests/test_ui_helper.py::TestTopWindow::test_returns_self_for_parentless_widget PASSED [ 85%]
tests/test_ui_helper.py::TestTopWindow::test_returns_root_for_nested_widget PASSED [ 85%]
tests/test_ui_helper.py::TestTopWindow::test_returns_widget_itself_when_no_parent PASSED [ 85%]
tests/test_ui_helper.py::TestCenterOn::test_no_crash_with_none_parent PASSED [ 85%]
tests/test_ui_helper.py::TestCenterOn::test_moves_dialog_when_parent_given PASSED [ 86%]
tests/test_ui_helper.py::TestGetExistingDirectory::test_returns_empty_on_cancel PASSED [ 86%]
tests/test_ui_helper.py::TestGetExistingDirectory::test_returns_path_on_accept PASSED [ 86%]
tests/test_ui_helper.py::TestGetExistingDirectory::test_passes_no_native_option PASSED [ 86%]
tests/test_ui_helper.py::TestGetOpenFileName::test_returns_empty_on_cancel PASSED [ 86%]
tests/test_ui_helper.py::TestGetOpenFileName::test_returns_path_on_accept PASSED [ 86%]
tests/test_ui_helper.py::TestGetSaveFileName::test_returns_empty_on_cancel PASSED [ 86%]
tests/test_ui_helper.py::TestGetSaveFileName::test_returns_path_on_accept PASSED [ 86%]
tests/test_ui_helper.py::TestMessageBoxHelpers::test_warn_calls_qmessagebox_warning PASSED [ 86%]
tests/test_ui_helper.py::TestMessageBoxHelpers::test_info_calls_qmessagebox_information PASSED [ 86%]
tests/test_ui_helper.py::TestMessageBoxHelpers::test_question_calls_qmessagebox_question PASSED [ 86%]
tests/test_ui_helper.py::TestMessageBoxHelpers::test_critical_calls_qmessagebox_critical PASSED [ 86%]
tests/test_ui_helper.py::TestMessageBoxHelpers::test_warn_with_widget_parent_uses_top_window PASSED [ 86%]
tests/test_workbench_view.py::TestImports::test_import_specimen_sidebar PASSED [ 87%]
tests/test_workbench_view.py::TestImports::test_import_monitor_panel PASSED [ 87%]
tests/test_workbench_view.py::TestImports::test_import_grouping_panel PASSED [ 87%]
tests/test_workbench_view.py::TestImports::test_import_naming_panel PASSED [ 87%]
tests/test_workbench_view.py::TestImports::test_import_metadata_panel PASSED [ 87%]
tests/test_workbench_view.py::TestImports::test_import_results_column PASSED [ 87%]
tests/test_workbench_view.py::TestImports::test_import_workbench_view PASSED [ 87%]
tests/test_workbench_view.py::TestConstruction::test_specimen_sidebar_constructs PASSED [ 87%]
tests/test_workbench_view.py::TestConstruction::test_monitor_panel_constructs PASSED [ 87%]
tests/test_workbench_view.py::TestConstruction::test_grouping_panel_constructs PASSED [ 87%]
tests/test_workbench_view.py::TestConstruction::test_naming_panel_constructs PASSED [ 87%]
tests/test_workbench_view.py::TestConstruction::test_metadata_panel_constructs PASSED [ 87%]
tests/test_workbench_view.py::TestConstruction::test_results_column_constructs PASSED [ 87%]
tests/test_workbench_view.py::TestConstruction::test_workbench_view_constructs PASSED [ 88%]
tests/test_workbench_view.py::TestOnActivate::test_on_activate_no_project PASSED [ 88%]
tests/test_workbench_view.py::TestOnActivate::test_auto_poll_timer_starts_on_activate PASSED [ 88%]
tests/test_workbench_view.py::TestOnActivate::test_auto_poll_timer_stops_on_deactivate PASSED [ 88%]
tests/test_workbench_view.py::TestOnActivate::test_on_activate_with_project PASSED [ 88%]
tests/test_workbench_view.py::TestNamingPanel::test_live_preview_uid PASSED [ 88%]
tests/test_workbench_view.py::TestNamingPanel::test_live_preview_result_id_has_seq PASSED [ 88%]
tests/test_workbench_view.py::TestNamingPanel::test_rna_warning_shown_for_r_prefix PASSED [ 88%]
tests/test_workbench_view.py::TestNamingPanel::test_rna_warning_hidden_for_non_r_prefix PASSED [ 88%]
tests/test_workbench_view.py::TestNamingPanel::test_species_sequence_hint_and_apply_button PASSED [ 88%]
tests/test_workbench_view.py::TestSpecimenSidebar::test_refresh_no_project PASSED [ 88%]
tests/test_workbench_view.py::TestSpecimenSidebar::test_refresh_empty_db PASSED [ 88%]
tests/test_workbench_view.py::TestSpecimenSidebar::test_refresh_with_specimens PASSED [ 88%]
tests/test_workbench_view.py::TestSpecimenSidebar::test_copy_current_uid_to_clipboard PASSED [ 89%]
tests/test_workbench_view.py::TestSpecimenSidebar::test_print_current_labels_signal PASSED [ 89%]
tests/test_workbench_view.py::TestGroupingPanel::test_clear_is_idempotent PASSED [ 89%]
tests/test_workbench_view.py::TestGroupingPanel::test_load_grouping_with_draft PASSED [ 89%]
tests/test_workbench_view.py::TestGroupingPanel::test_load_grouping_with_composed PASSED [ 89%]
tests/test_workbench_view.py::TestMetadataPanel::test_clear_is_idempotent PASSED [ 89%]
tests/test_workbench_view.py::TestMetadataPanel::test_load_specimen PASSED [ 89%]
tests/test_workbench_view.py::TestMonitorPanel::test_clear_is_idempotent PASSED [ 89%]
tests/test_workbench_view.py::TestMonitorPanel::test_load_scan_empty PASSED [ 89%]
tests/test_workbench_view.py::TestMonitorPanel::test_load_scan_with_files PASSED [ 89%]
tests/test_workbench_view.py::TestResultsColumn::test_clear_is_idempotent PASSED [ 89%]
tests/test_workbench_view.py::TestResultsColumn::test_load_uid_empty PASSED [ 89%]
tests/test_workbench_view.py::TestResultsColumn::test_load_uid_with_tiffs_and_zips PASSED [ 90%]
tests/test_workbench_view.py::TestResultsColumn::test_workbench_view_has_results_column PASSED [ 90%]
tests/test_workbench_view.py::TestMetaScoreRing::test_ring_constructs PASSED [ 90%]
tests/test_workbench_view.py::TestMetaScoreRing::test_set_score_clamps PASSED [ 90%]
tests/test_workbench_view.py::TestMetaScoreRing::test_set_score_normal PASSED [ 90%]
tests/test_workbench_view.py::TestMetaScoreRing::test_metadata_panel_has_score_ring PASSED [ 90%]
tests/test_workbench_view.py::TestMetaScoreRing::test_load_specimen_updates_ring PASSED [ 90%]
tests/test_workbench_view.py::TestMetaScoreRing::test_load_specimen_partial_score PASSED [ 90%]
tests/test_workbench_view.py::TestMetaScoreRing::test_clear_resets_ring PASSED [ 90%]
tests/test_workbench_view.py::TestLabelsUidSelection::test_select_uid_selects_only_matching_specimen PASSED [ 90%]
tests/test_workbench_view.py::TestWorkbenchWormsFill::test_worms_fill_updates_latin_fields_not_chinese PASSED [ 90%]
tests/test_workbench_view.py::TestDeleteWithTiffWarning::test_actual_jpg_deletion PASSED [ 90%]
tests/test_workbench_view.py::TestDeleteWithTiffWarning::test_tiff_selection_blocked PASSED [ 90%]
tests/test_workbench_view.py::TestDeleteWithTiffWarning::test_has_del_btn PASSED [ 91%]
tests/test_workbench_view.py::TestDeleteWithTiffWarning::test_del_btn_disabled_initially PASSED [ 91%]
tests/test_workbench_view.py::TestDeleteWithTiffWarning::test_tiff_path_detection PASSED [ 91%]
tests/test_workbench_view.py::TestDeleteWithTiffWarning::test_select_all_enables_del_btn PASSED [ 91%]
tests/test_workbench_view.py::TestDeleteWithTiffWarning::test_select_none_disables_del_btn PASSED [ 91%]
tests/test_workbench_view.py::TestAddToGroup::test_monitor_panel_has_selected_jpg_paths PASSED [ 91%]
tests/test_workbench_view.py::TestAddToGroup::test_monitor_panel_has_add_jpg_requested_signal PASSED [ 91%]
tests/test_workbench_view.py::TestAddToGroup::test_grouping_panel_add_jpgs_to_group PASSED [ 91%]
tests/test_workbench_view.py::TestAddToGroup::test_grouping_panel_mutual_exclusion PASSED [ 91%]
tests/test_workbench_view.py::TestAddToGroup::test_grouping_panel_has_add_selection_signal PASSED [ 91%]
tests/test_workbench_view.py::TestRemoveJpgFromGroup::test_remove_jpg_from_group PASSED [ 91%]
tests/test_workbench_view.py::TestRemoveJpgFromGroup::test_grouping_panel_has_free_compose_signal PASSED [ 91%]
tests/test_workbench_view.py::TestRemoveJpgFromGroup::test_grouping_panel_has_retroactive_signal PASSED [ 91%]
tests/test_workbench_view.py::TestMonitorPanelAddJpg::test_has_add_jpg_signal PASSED [ 92%]
tests/test_workbench_view.py::TestResultsColumnOpenExplorer::test_load_uid_with_open_btn PASSED [ 92%]
tests/test_workbench_view.py::TestHeliconParamsPanel::test_constructs PASSED [ 92%]
tests/test_workbench_view.py::TestHeliconParamsPanel::test_default_params PASSED [ 92%]
tests/test_workbench_view.py::TestHeliconParamsPanel::test_set_params PASSED [ 92%]
tests/test_workbench_view.py::TestHeliconParamsPanel::test_workbench_view_has_helicon_params PASSED [ 92%]
tests/test_workbench_view.py::TestProjectSettingsDrawer::test_constructs PASSED [ 92%]
tests/test_workbench_view.py::TestProjectSettingsDrawer::test_has_helicon_status_label PASSED [ 92%]
tests/test_workbench_view.py::TestProjectSettingsDrawer::test_has_auto_activate_checkbox PASSED [ 92%]
tests/test_workbench_view.py::TestProjectSettingsDrawer::test_workbench_view_has_settings_drawer PASSED [ 92%]
tests/test_workbench_view.py::TestGroupingPanelCaptureActions::test_has_target_label PASSED [ 92%]
tests/test_workbench_view.py::TestGroupingPanelCaptureActions::test_has_group_toggle_btn PASSED [ 92%]
tests/test_workbench_view.py::TestGroupingPanelCaptureActions::test_load_grouping_updates_target_label PASSED [ 92%]
tests/test_workbench_view.py::TestGroupingPanelCaptureActions::test_group_toggle_hides_body PASSED [ 93%]
tests/test_workbench_view.py::TestGroupingPanelCaptureActions::test_phase_pills_exist PASSED [ 93%]
tests/test_workbench_view.py::TestGroupingPanelDeleteClearGroup::test_clear_group_removes_jpgs PASSED [ 93%]
tests/test_workbench_view.py::TestGroupingPanelDeleteClearGroup::test_clear_group_emits_changed PASSED [ 93%]
tests/test_workbench_view.py::TestGroupingPanelDeleteClearGroup::test_delete_group_removes_group PASSED [ 93%]
tests/test_workbench_view.py::TestGroupingPanelDeleteClearGroup::test_delete_group_emits_changed PASSED [ 93%]
tests/test_workbench_view.py::TestGroupingPanelDeleteClearGroup::test_delete_composed_group_blocked PASSED [ 93%]
tests/test_workbench_view.py::TestGroupingPanelDeleteClearGroup::test_draft_group_row_has_clear_and_delete_buttons PASSED [ 93%]
tests/test_workbench_view.py::TestGroupingPanelDeleteClearGroup::test_draft_group_row_has_import_tiff_signal PASSED [ 93%]
tests/test_workbench_view.py::TestGroupingPanelDeleteClearGroup::test_grouping_panel_has_import_tiff_signal PASSED [ 93%]
tests/test_workbench_view.py::TestTiffImportDialog::test_constructs_empty_candidates PASSED [ 93%]
tests/test_workbench_view.py::TestTiffImportDialog::test_constructs_with_candidates PASSED [ 93%]
tests/test_workbench_view.py::TestTiffImportDialog::test_selected_path_empty_by_default PASSED [ 93%]
tests/test_workbench_view.py::TestTiffImportDialog::test_prefills_existing_tiff PASSED [ 94%]
tests/test_workbench_view.py::TestNamingPanelDupCheck::test_no_dup_warn_when_uid_absent_from_db PASSED [ 94%]
tests/test_workbench_view.py::TestNamingPanelDupCheck::test_dup_warn_shown_when_uid_exists PASSED [ 94%]
tests/test_workbench_view.py::TestNamingPanelDupCheck::test_compliance_no_warn_empty PASSED [ 94%]
tests/test_workbench_view.py::TestNamingPanelDupCheck::test_compliance_warns_bad_date PASSED [ 94%]
tests/test_workbench_view.py::TestMetadataPanelGeocode::test_geocode_button_exists PASSED [ 94%]
tests/test_workbench_view.py::TestMetadataPanelGeocode::test_geocode_requires_valid_float_coords PASSED [ 94%]
tests/test_workbench_view.py::TestMetadataPanelGeocode::test_nominatim_to_zh_parses_display PASSED [ 94%]
tests/test_workbench_view.py::TestMetadataPanelGeocode::test_nominatim_to_zh_empty_input PASSED [ 94%]
tests/test_workbench_view.py::TestComposePreviewDialog::test_show_compose_preview_exists PASSED [ 94%]
tests/test_workbench_view.py::TestComposePreviewDialog::test_compose_workbench_dialog_defaults PASSED [ 94%]
tests/test_workbench_wiring.py::TestSequenceNamingOnCompose::test_organize_preview_names_first_tiff PASSED [ 94%]
tests/test_workbench_wiring.py::TestSequenceNamingOnCompose::test_organize_preview_increments_seq PASSED [ 94%]
tests/test_workbench_wiring.py::TestSeqHintBump::test_bump_seq_hint_updates_db PASSED [ 95%]
tests/test_workbench_wiring.py::TestFreeCompose::test_free_compose_names_output_in_incoming PASSED [ 95%]
tests/test_workbench_wiring.py::TestFreeCompose::test_free_compose_user_name PASSED [ 95%]
tests/test_workbench_wiring.py::TestFreeCompose::test_free_compose_user_name_conflict_falls_back PASSED [ 95%]
tests/test_workbench_wiring.py::TestOrganiseCollisionGuard::test_archive_group_creates_zip PASSED [ 95%]
tests/test_workbench_wiring.py::TestOrganiseCollisionGuard::test_organize_preview_second_seq_avoids_collision PASSED [ 95%]
tests/test_workbench_wiring.py::TestGroupingDeleteClearWiring::test_clear_group_persists_via_save_grouping PASSED [ 95%]
tests/test_workbench_wiring.py::TestGroupingDeleteClearWiring::test_delete_group_persists_via_save_grouping PASSED [ 95%]
tests/test_worms_service.py::TestCacheHit::test_search_returns_cached_result PASSED [ 95%]
tests/test_worms_service.py::TestCacheHit::test_record_returns_cached_result PASSED [ 95%]
tests/test_worms_service.py::TestCacheHit::test_classification_returns_cached PASSED [ 95%]
tests/test_worms_service.py::TestCacheHit::test_expired_cache_triggers_network_call PASSED [ 95%]
tests/test_worms_service.py::TestChineseFieldProtection::test_cn_fields_are_preserved_unchanged PASSED [ 95%]
tests/test_worms_service.py::TestChineseFieldProtection::test_worms_latin_fields_are_written PASSED [ 96%]
tests/test_worms_service.py::TestChineseFieldProtection::test_no_cn_key_in_merged_output PASSED [ 96%]
tests/test_worms_service.py::TestChineseFieldProtection::test_existing_cn_not_overwritten_by_adversarial_worms_record PASSED [ 96%]
tests/test_worms_service.py::TestJobLifecycle::test_create_job_persists PASSED [ 96%]
tests/test_worms_service.py::TestJobLifecycle::test_list_jobs_newest_first PASSED [ 96%]
tests/test_worms_service.py::TestJobLifecycle::test_update_job_status PASSED [ 96%]
tests/test_worms_service.py::TestJobLifecycle::test_update_completed_sets_completed_at PASSED [ 96%]
tests/test_worms_service.py::TestJobLifecycle::test_create_job_empty_raises PASSED [ 96%]
tests/test_worms_service.py::TestJobLifecycle::test_get_job_not_found_returns_none PASSED [ 96%]
tests/test_worms_service.py::TestCacheEviction::test_clear_expired_removes_stale_entries PASSED [ 96%]
tests/test_worms_service.py::TestCacheEviction::test_clear_expired_noop_when_all_fresh PASSED [ 96%]
tests/test_worms_service.py::TestFlattenClassification::test_flat_simple_chain PASSED [ 96%]
tests/test_worms_service.py::TestFlattenClassification::test_none_returns_empty PASSED [ 96%]
tests/test_worms_service.py::TestFlattenClassification::test_empty_dict_returns_empty PASSED [ 97%]
tests/test_worms_service.py::TestFlattenClassification::test_single_node_no_child PASSED [ 97%]
tests/test_worms_service.py::TestInputValidation::test_search_empty_name_raises PASSED [ 97%]
tests/test_worms_service.py::TestInputValidation::test_search_whitespace_only_raises PASSED [ 97%]
tests/test_worms_service.py::TestInputValidation::test_record_zero_id_raises PASSED [ 97%]
tests/test_worms_service.py::TestInputValidation::test_record_negative_id_raises PASSED [ 97%]
tests/test_worms_service.py::TestInputValidation::test_classification_zero_id_raises PASSED [ 97%]
tests/test_worms_service.py::TestInputValidation::test_synonyms_zero_id_raises PASSED [ 97%]
tests/test_worms_service.py::TestNetworkFetch::test_search_live_writes_to_cache PASSED [ 97%]
tests/test_worms_service.py::TestNetworkFetch::test_404_response_caches_none PASSED [ 97%]
tests/test_worms_service.py::TestNetworkFetch::test_search_returns_empty_list_on_204 PASSED [ 97%]
tests/test_worms_service.py::TestCacheStats::test_stats_empty_cache PASSED [ 97%]
tests/test_worms_service.py::TestCacheStats::test_stats_after_population PASSED [ 97%]
tests/test_worms_service.py::TestWormsViewOffscreen::test_worms_view_constructs PASSED [ 98%]
tests/test_worms_service.py::TestWormsViewOffscreen::test_on_activate_does_not_raise PASSED [ 98%]
tests/test_worms_service.py::TestWormsViewOffscreen::test_detail_panel_service_is_set PASSED [ 98%]
tests/test_worms_service.py::TestWormsViewOffscreen::test_worms_match_dialog_constructs PASSED [ 98%]
tests/test_worms_service.py::TestFamilyGenera::test_family_genera_empty_raises PASSED [ 98%]
tests/test_worms_service.py::TestFamilyGenera::test_family_genera_cached PASSED [ 98%]
tests/test_worms_service.py::TestFamilyGenera::test_family_genera_live_fetch PASSED [ 98%]
tests/test_worms_service.py::TestFamilyGenera::test_family_genera_not_found_raises PASSED [ 98%]
tests/test_worms_service.py::TestGenusSpecies::test_genus_species_empty_raises PASSED [ 98%]
tests/test_worms_service.py::TestGenusSpecies::test_genus_species_cached PASSED [ 98%]
tests/test_worms_service.py::TestGenusSpecies::test_genus_species_not_found_raises PASSED [ 98%]
tests/test_worms_service.py::TestLoadTaxonomyCandidates::test_returns_empty_when_no_file PASSED [ 98%]
tests/test_worms_service.py::TestLoadTaxonomyCandidates::test_returns_matched_and_renamed PASSED [ 98%]
tests/test_worms_service.py::TestLoadTaxonomyCandidates::test_chinese_field_genusCn_preserved PASSED [ 99%]
tests/test_worms_service.py::TestResolveMapping::test_empty_record_id_raises PASSED [ 99%]
tests/test_worms_service.py::TestResolveMapping::test_no_match_writes_not_found PASSED [ 99%]
tests/test_worms_service.py::TestResolveMapping::test_zero_aphia_id_without_no_match_raises PASSED [ 99%]
tests/test_worms_service.py::TestResolveMapping::test_resolve_with_pre_fetched_record PASSED [ 99%]
tests/test_worms_service.py::TestRetryFailedJob::test_retry_failed_resets_error_ids_and_cursor PASSED [ 99%]
tests/test_worms_service.py::TestRetryFailedJob::test_retry_failed_unknown_id_returns_none PASSED [ 99%]
tests/test_worms_service.py::TestRetryFailedJob::test_retry_failed_no_taxonomy_file_falls_back_to_full_set PASSED [ 99%]
tests/test_worms_service.py::TestWormsQuickFillDialogOffscreen::test_constructs_with_empty_query PASSED [ 99%]
tests/test_worms_service.py::TestWormsQuickFillDialogOffscreen::test_do_fill_calls_callback_and_accepts PASSED [ 99%]
tests/test_worms_service.py::TestWormsQuickFillDialogOffscreen::test_initial_query_sets_search_text PASSED [ 99%]
tests/test_worms_service.py::TestAutoPollingTimer::test_poll_timer_starts_for_running_job PASSED [ 99%]
tests/test_worms_service.py::TestAutoPollingTimer::test_poll_timer_not_started_when_no_running_job PASSED [100%]

================= 1288 passed, 2 skipped in 120.77s (0:02:00) ==================
